2026-05-12 19:00:36,434 - Starting time: 2026.05.12 19:00:36
2026-05-12 19:00:36,435 - {
    "config_path": "/data/chenyuan/vgdemo/pps-main/config/activitynet/config_refact.json",
    "ckpt_path": "/data/chenyuan/vgdemo/pps-main/checkpoints/activitynet/model-best.pt",
    "eval": true,
    "exp_name": "base",
    "seed": 8
}
2026-05-12 19:00:36,435 - {
    "exp_name": "exp-activitynet_refact",
    "dataset": {
        "name": "ActivityNet",
        "feature_path": "/data/chenyuan/videogrounding/cpl-main/data/activitynet/sub_activitynet_v1-3.c3d.hdf5",
        "train_data": "/data/chenyuan/vgdemo/pps-main/data/activitynet/train_data.json",
        "test_data": "/data/chenyuan/vgdemo/pps-main/data/activitynet/test_data.json",
        "vocab_path": "/data/chenyuan/vgdemo/pps-main/data/activitynet/glove.pkl",
        "vocab_size": 8000,
        "max_num_words": 20,
        "max_num_segments": 200,
        "frame_feat_dim": 500,
        "word_feat_dim": 300
    },
    "train": {
        "wandb_path": "./",
        "log_path": "./log",
        "save_path": "./checkpoints/activitynet/exp-activitynet_refact_2026-05-12_19-00-36",
        "batch_size": 32,
        "num_epochs": 30,
        "use_wandb": true,
        "save_model": true,
        "optimizer": {
            "lr": 0.0004,
            "weight_decay": 0,
            "warmup_updates": 400,
            "warmup_init_lr": 1e-07
        }
    },
    "model": {
        "name": "PPS",
        "frame_feat_dim": 500,
        "word_feat_dim": 300,
        "hidden_dim": 256,
        "dropout": 0.1,
        "masked_words_ratio": 3,
        "mask_type": "gaussian",
        "num_props": 5,
        "sigma_gauss": 4,
        "sigma_laplace": 4,
        "num_neg_mask": 2,
        "sigma_neg_inv_gauss": 1,
        "sigma_neg_gauss": 3,
        "use_attn": true,
        "pred_gamma": 0.15,
        "neg_type": "learnable_gaussian",
        "DualTransformer": {
            "d_model": 256,
            "num_heads": 4,
            "num_decoder_layers1": 3,
            "num_decoder_layers2": 3,
            "dropout": 0.1
        },
        "max_num_words": 20
    },
    "loss": {
        "margin_hneg": 0.1,
        "margin_eneg": 0.15,
        "lambda_inter_push": 0.15,
        "lambda_intra_push": 0.15,
        "alpha_ivc": 1,
        "alpha_pull": 0.2,
        "alpha_inter_push": 0.2,
        "alpha_intra_push": 0.005,
        "num_train_prop": 1
    },
    "config_path": "/data/chenyuan/vgdemo/pps-main/config/activitynet/config_refact.json"
}
2026-05-12 19:00:36,828 - train: 37421 samples, test: 17031 samples
2026-05-12 19:00:37,924 - load model from /data/chenyuan/vgdemo/pps-main/checkpoints/activitynet/model-best.pt, num_updates 35100.
2026-05-12 19:00:38,796 - Please install tensorboardX: pip install tensorboardX
2026-05-12 19:02:50,720 - | Rank1,mIoU 0.3436 | Rank1,IoU@0.1 0.7951 | Rank1,IoU@0.3 0.4861 | Rank1,IoU@0.5 0.2872 | Rank5,mIoU 0.5510 | Rank5,IoU@0.1 0.9416 | Rank5,IoU@0.3 0.8018 | Rank5,IoU@0.5 0.6364 |
