2026-01-04 15:51:13,043 - {'dataset': {'dataset': 'CharadesSTA', 'feature_path': 'data/charades/i3d_features.hdf5', 'vocab_size': 1111, 'word_dim': 300, 'frame_dim': 1024, 'max_num_words': 20, 'max_num_frames': 200, 'target_stride': 1, 'train_data': 'data/charades/train.json', 'test_data': 'data/charades/test.json', 'val_data': 'data/charades/test.json', 'vocab_path': 'data/charades/glove.pkl'}, 'train': {'optimizer': {'lr': 0.0004, 'weight_decay': 0, 'warmup_updates': 400, 'warmup_init_lr': 1e-07}, 'batch_size': 32, 'max_num_epochs': 30, 'model_saved_path': 'checkpoints/charades/base'}, 'model': {'name': 'CPL', 'config': {'frames_input_size': 1024, 'words_input_size': 300, 'hidden_size': 256, 'use_negative': True, 'num_props': 8, 'sigma': 9, 'gamma': 0.5, 'dropout': 0.1, 'DualTransformer': {'d_model': 256, 'num_heads': 4, 'num_decoder_layers1': 3, 'num_decoder_layers2': 3, 'dropout': 0.1}}}, 'loss': {'margin_1': 0.1, 'margin_2': 0.15, 'lambda': 0.146, 'alpha_1': 1, 'alpha_2': 5}, 'vote': False}
2026-01-04 15:51:13,218 - train: 10602 samples, test: 3158 samples
2026-01-04 15:51:14,386 - Start Epoch 1
2026-01-04 15:51:34,429 - Epoch 1, Batch 50, lr = 0.00005, final_loss = 6.2543, nll_loss = 6.2112, ref_nll_loss = 6.2975, ivc_loss = 0.5467, neg_loss_1 = 0.0469, neg_loss_2 = 0.0510, ref_loss = 0.0404, div_loss = 0.0817, 0.401 seconds/batch
2026-01-04 15:51:53,326 - Epoch 1, Batch 100, lr = 0.00010, final_loss = 4.7479, nll_loss = 4.7162, ref_nll_loss = 4.7796, ivc_loss = 0.2391, neg_loss_1 = 0.0460, neg_loss_2 = 0.0432, ref_loss = 0.0480, div_loss = 0.0204, 0.389 seconds/batch
2026-01-04 15:52:12,362 - Epoch 1, Batch 150, lr = 0.00015, final_loss = 4.0623, nll_loss = 4.0202, ref_nll_loss = 4.1043, ivc_loss = 0.1685, neg_loss_1 = 0.0342, neg_loss_2 = 0.0361, ref_loss = 0.0390, div_loss = 0.0118, 0.387 seconds/batch
2026-01-04 15:52:31,389 - Epoch 1, Batch 200, lr = 0.00020, final_loss = 3.6182, nll_loss = 3.5680, ref_nll_loss = 3.6684, ivc_loss = 0.1480, neg_loss_1 = 0.0338, neg_loss_2 = 0.0320, ref_loss = 0.0348, div_loss = 0.0095, 0.385 seconds/batch
2026-01-04 15:52:50,512 - Epoch 1, Batch 250, lr = 0.00025, final_loss = 3.4396, nll_loss = 3.3820, ref_nll_loss = 3.4971, ivc_loss = 0.1366, neg_loss_1 = 0.0324, neg_loss_2 = 0.0331, ref_loss = 0.0308, div_loss = 0.0080, 0.384 seconds/batch
2026-01-04 15:53:09,652 - Epoch 1, Batch 300, lr = 0.00030, final_loss = 3.3217, nll_loss = 3.2623, ref_nll_loss = 3.3810, ivc_loss = 0.1180, neg_loss_1 = 0.0280, neg_loss_2 = 0.0257, ref_loss = 0.0314, div_loss = 0.0066, 0.384 seconds/batch
2026-01-04 15:53:21,811 - Epoch 1, Batch 332, lr = 0.00033, final_loss = 3.2118, nll_loss = 3.1515, ref_nll_loss = 3.2720, ivc_loss = 0.1164, neg_loss_1 = 0.0240, neg_loss_2 = 0.0234, ref_loss = 0.0285, div_loss = 0.0081, 0.384 seconds/batch
2026-01-04 15:53:21,859 - save model to checkpoints/charades/base/model-1.pt, num_updates 332.
2026-01-04 15:53:49,419 - | R@1,mIoU 0.3434 | R@1,IoU@0.1 0.6336 | R@1,IoU@0.3 0.5250 | R@1,IoU@0.5 0.3651 | R@1,IoU@0.7 0.1653 | R@1,IoU@0.9 0.0225 | R@5,mIoU 0.6458 | R@5,IoU@0.1 0.9858 | R@5,IoU@0.3 0.9455 | R@5,IoU@0.5 0.7882 | R@5,IoU@0.7 0.4588 | R@5,IoU@0.9 0.0646 |
2026-01-04 15:53:49,490 - Best results have been updated.
2026-01-04 15:53:49,491 - ============================================================
2026-01-04 15:53:49,491 - Start Epoch 2
2026-01-04 15:54:08,872 - Epoch 2, Batch 50, lr = 0.00038, final_loss = 3.1375, nll_loss = 3.0742, ref_nll_loss = 3.2007, ivc_loss = 0.1081, neg_loss_1 = 0.0255, neg_loss_2 = 0.0223, ref_loss = 0.0300, div_loss = 0.0061, 0.388 seconds/batch
2026-01-04 15:54:28,058 - Epoch 2, Batch 100, lr = 0.00038, final_loss = 3.0717, nll_loss = 3.0044, ref_nll_loss = 3.1391, ivc_loss = 0.1027, neg_loss_1 = 0.0227, neg_loss_2 = 0.0196, ref_loss = 0.0300, div_loss = 0.0061, 0.386 seconds/batch
2026-01-04 15:54:47,014 - Epoch 2, Batch 150, lr = 0.00036, final_loss = 2.9944, nll_loss = 2.9224, ref_nll_loss = 3.0665, ivc_loss = 0.0881, neg_loss_1 = 0.0185, neg_loss_2 = 0.0192, ref_loss = 0.0269, div_loss = 0.0047, 0.383 seconds/batch
2026-01-04 15:55:06,237 - Epoch 2, Batch 200, lr = 0.00035, final_loss = 2.9426, nll_loss = 2.8656, ref_nll_loss = 3.0196, ivc_loss = 0.0829, neg_loss_1 = 0.0191, neg_loss_2 = 0.0152, ref_loss = 0.0263, div_loss = 0.0045, 0.384 seconds/batch
2026-01-04 15:55:25,434 - Epoch 2, Batch 250, lr = 0.00033, final_loss = 2.8859, nll_loss = 2.8070, ref_nll_loss = 2.9649, ivc_loss = 0.0780, neg_loss_1 = 0.0158, neg_loss_2 = 0.0147, ref_loss = 0.0258, div_loss = 0.0043, 0.384 seconds/batch
2026-01-04 15:55:44,630 - Epoch 2, Batch 300, lr = 0.00032, final_loss = 2.8671, nll_loss = 2.7894, ref_nll_loss = 2.9448, ivc_loss = 0.0810, neg_loss_1 = 0.0186, neg_loss_2 = 0.0153, ref_loss = 0.0263, div_loss = 0.0042, 0.384 seconds/batch
2026-01-04 15:55:56,811 - Epoch 2, Batch 332, lr = 0.00031, final_loss = 2.7874, nll_loss = 2.7094, ref_nll_loss = 2.8655, ivc_loss = 0.0837, neg_loss_1 = 0.0201, neg_loss_2 = 0.0165, ref_loss = 0.0283, div_loss = 0.0038, 0.383 seconds/batch
2026-01-04 15:55:56,859 - save model to checkpoints/charades/base/model-2.pt, num_updates 664.
2026-01-04 15:56:24,378 - | R@1,mIoU 0.3858 | R@1,IoU@0.1 0.6932 | R@1,IoU@0.3 0.5871 | R@1,IoU@0.5 0.4278 | R@1,IoU@0.7 0.2058 | R@1,IoU@0.9 0.0256 | R@5,mIoU 0.6683 | R@5,IoU@0.1 0.9886 | R@5,IoU@0.3 0.9623 | R@5,IoU@0.5 0.8344 | R@5,IoU@0.7 0.4978 | R@5,IoU@0.9 0.0741 |
2026-01-04 15:56:24,450 - Best results have been updated.
2026-01-04 15:56:24,451 - ============================================================
2026-01-04 15:56:24,451 - Start Epoch 3
2026-01-04 15:56:43,873 - Epoch 3, Batch 50, lr = 0.00030, final_loss = 2.7901, nll_loss = 2.7130, ref_nll_loss = 2.8672, ivc_loss = 0.0781, neg_loss_1 = 0.0176, neg_loss_2 = 0.0148, ref_loss = 0.0264, div_loss = 0.0039, 0.388 seconds/batch
2026-01-04 15:57:03,123 - Epoch 3, Batch 100, lr = 0.00029, final_loss = 2.7415, nll_loss = 2.6553, ref_nll_loss = 2.8276, ivc_loss = 0.0700, neg_loss_1 = 0.0148, neg_loss_2 = 0.0136, ref_loss = 0.0238, div_loss = 0.0036, 0.387 seconds/batch
2026-01-04 15:57:22,353 - Epoch 3, Batch 150, lr = 0.00028, final_loss = 2.7791, nll_loss = 2.6980, ref_nll_loss = 2.8602, ivc_loss = 0.0666, neg_loss_1 = 0.0136, neg_loss_2 = 0.0110, ref_loss = 0.0249, div_loss = 0.0034, 0.386 seconds/batch
2026-01-04 15:57:41,553 - Epoch 3, Batch 200, lr = 0.00027, final_loss = 2.7233, nll_loss = 2.6369, ref_nll_loss = 2.8097, ivc_loss = 0.0754, neg_loss_1 = 0.0171, neg_loss_2 = 0.0170, ref_loss = 0.0237, div_loss = 0.0035, 0.386 seconds/batch
2026-01-04 15:57:55,305 - Epoch 3, Batch 250, lr = 0.00026, final_loss = 2.6971, nll_loss = 2.6082, ref_nll_loss = 2.7861, ivc_loss = 0.0669, neg_loss_1 = 0.0131, neg_loss_2 = 0.0142, ref_loss = 0.0232, div_loss = 0.0033, 0.363 seconds/batch
2026-01-04 15:58:08,136 - Epoch 3, Batch 300, lr = 0.00026, final_loss = 2.7014, nll_loss = 2.6142, ref_nll_loss = 2.7885, ivc_loss = 0.0645, neg_loss_1 = 0.0119, neg_loss_2 = 0.0131, ref_loss = 0.0233, div_loss = 0.0032, 0.346 seconds/batch
2026-01-04 15:58:16,405 - Epoch 3, Batch 332, lr = 0.00025, final_loss = 2.7121, nll_loss = 2.6228, ref_nll_loss = 2.8015, ivc_loss = 0.0657, neg_loss_1 = 0.0167, neg_loss_2 = 0.0099, ref_loss = 0.0235, div_loss = 0.0031, 0.337 seconds/batch
2026-01-04 15:58:16,457 - save model to checkpoints/charades/base/model-3.pt, num_updates 996.
2026-01-04 15:58:41,553 - | R@1,mIoU 0.4099 | R@1,IoU@0.1 0.7274 | R@1,IoU@0.3 0.6232 | R@1,IoU@0.5 0.4592 | R@1,IoU@0.7 0.2122 | R@1,IoU@0.9 0.0275 | R@5,mIoU 0.6732 | R@5,IoU@0.1 0.9930 | R@5,IoU@0.3 0.9712 | R@5,IoU@0.5 0.8353 | R@5,IoU@0.7 0.5123 | R@5,IoU@0.9 0.0757 |
2026-01-04 15:58:41,630 - Best results have been updated.
2026-01-04 15:58:41,631 - ============================================================
2026-01-04 15:58:41,631 - Start Epoch 4
2026-01-04 15:58:54,855 - Epoch 4, Batch 50, lr = 0.00025, final_loss = 2.6538, nll_loss = 2.5660, ref_nll_loss = 2.7417, ivc_loss = 0.0623, neg_loss_1 = 0.0113, neg_loss_2 = 0.0131, ref_loss = 0.0230, div_loss = 0.0030, 0.264 seconds/batch
2026-01-04 15:59:07,711 - Epoch 4, Batch 100, lr = 0.00024, final_loss = 2.6677, nll_loss = 2.5798, ref_nll_loss = 2.7556, ivc_loss = 0.0655, neg_loss_1 = 0.0140, neg_loss_2 = 0.0108, ref_loss = 0.0254, div_loss = 0.0030, 0.261 seconds/batch
2026-01-04 15:59:20,582 - Epoch 4, Batch 150, lr = 0.00024, final_loss = 2.6624, nll_loss = 2.5689, ref_nll_loss = 2.7559, ivc_loss = 0.0629, neg_loss_1 = 0.0135, neg_loss_2 = 0.0130, ref_loss = 0.0216, div_loss = 0.0030, 0.260 seconds/batch
2026-01-04 15:59:33,359 - Epoch 4, Batch 200, lr = 0.00023, final_loss = 2.6061, nll_loss = 2.5156, ref_nll_loss = 2.6965, ivc_loss = 0.0631, neg_loss_1 = 0.0129, neg_loss_2 = 0.0123, ref_loss = 0.0237, div_loss = 0.0028, 0.259 seconds/batch
2026-01-04 15:59:46,145 - Epoch 4, Batch 250, lr = 0.00023, final_loss = 2.6127, nll_loss = 2.5251, ref_nll_loss = 2.7003, ivc_loss = 0.0620, neg_loss_1 = 0.0128, neg_loss_2 = 0.0113, ref_loss = 0.0241, div_loss = 0.0028, 0.258 seconds/batch
2026-01-04 15:59:59,362 - Epoch 4, Batch 300, lr = 0.00022, final_loss = 2.5859, nll_loss = 2.4944, ref_nll_loss = 2.6775, ivc_loss = 0.0577, neg_loss_1 = 0.0132, neg_loss_2 = 0.0095, ref_loss = 0.0216, div_loss = 0.0027, 0.259 seconds/batch
2026-01-04 16:00:11,529 - Epoch 4, Batch 332, lr = 0.00022, final_loss = 2.6307, nll_loss = 2.5318, ref_nll_loss = 2.7296, ivc_loss = 0.0598, neg_loss_1 = 0.0141, neg_loss_2 = 0.0114, ref_loss = 0.0200, div_loss = 0.0029, 0.271 seconds/batch
2026-01-04 16:00:11,579 - save model to checkpoints/charades/base/model-4.pt, num_updates 1328.
2026-01-04 16:00:38,847 - | R@1,mIoU 0.4148 | R@1,IoU@0.1 0.7296 | R@1,IoU@0.3 0.6324 | R@1,IoU@0.5 0.4642 | R@1,IoU@0.7 0.2207 | R@1,IoU@0.9 0.0285 | R@5,mIoU 0.6732 | R@5,IoU@0.1 0.9886 | R@5,IoU@0.3 0.9642 | R@5,IoU@0.5 0.8366 | R@5,IoU@0.7 0.5089 | R@5,IoU@0.9 0.0782 |
2026-01-04 16:00:38,943 - Best results have been updated.
2026-01-04 16:00:38,944 - ============================================================
2026-01-04 16:00:38,944 - Start Epoch 5
2026-01-04 16:00:58,266 - Epoch 5, Batch 50, lr = 0.00022, final_loss = 2.5864, nll_loss = 2.4941, ref_nll_loss = 2.6787, ivc_loss = 0.0579, neg_loss_1 = 0.0115, neg_loss_2 = 0.0105, ref_loss = 0.0213, div_loss = 0.0029, 0.386 seconds/batch
2026-01-04 16:01:17,462 - Epoch 5, Batch 100, lr = 0.00021, final_loss = 2.5797, nll_loss = 2.4846, ref_nll_loss = 2.6748, ivc_loss = 0.0609, neg_loss_1 = 0.0125, neg_loss_2 = 0.0094, ref_loss = 0.0205, div_loss = 0.0037, 0.385 seconds/batch
2026-01-04 16:01:36,694 - Epoch 5, Batch 150, lr = 0.00021, final_loss = 2.5672, nll_loss = 2.4713, ref_nll_loss = 2.6631, ivc_loss = 0.0542, neg_loss_1 = 0.0114, neg_loss_2 = 0.0096, ref_loss = 0.0203, div_loss = 0.0026, 0.385 seconds/batch
2026-01-04 16:01:55,974 - Epoch 5, Batch 200, lr = 0.00020, final_loss = 2.5630, nll_loss = 2.4696, ref_nll_loss = 2.6564, ivc_loss = 0.0538, neg_loss_1 = 0.0115, neg_loss_2 = 0.0088, ref_loss = 0.0210, div_loss = 0.0025, 0.385 seconds/batch
2026-01-04 16:02:15,257 - Epoch 5, Batch 250, lr = 0.00020, final_loss = 2.5650, nll_loss = 2.4696, ref_nll_loss = 2.6605, ivc_loss = 0.0531, neg_loss_1 = 0.0109, neg_loss_2 = 0.0094, ref_loss = 0.0202, div_loss = 0.0025, 0.385 seconds/batch
2026-01-04 16:02:34,502 - Epoch 5, Batch 300, lr = 0.00020, final_loss = 2.5515, nll_loss = 2.4571, ref_nll_loss = 2.6459, ivc_loss = 0.0513, neg_loss_1 = 0.0097, neg_loss_2 = 0.0090, ref_loss = 0.0199, div_loss = 0.0026, 0.385 seconds/batch
2026-01-04 16:02:46,502 - Epoch 5, Batch 332, lr = 0.00020, final_loss = 2.5899, nll_loss = 2.4914, ref_nll_loss = 2.6883, ivc_loss = 0.0535, neg_loss_1 = 0.0096, neg_loss_2 = 0.0104, ref_loss = 0.0203, div_loss = 0.0026, 0.384 seconds/batch
2026-01-04 16:02:46,552 - save model to checkpoints/charades/base/model-5.pt, num_updates 1660.
2026-01-04 16:03:13,936 - | R@1,mIoU 0.4136 | R@1,IoU@0.1 0.7312 | R@1,IoU@0.3 0.6349 | R@1,IoU@0.5 0.4649 | R@1,IoU@0.7 0.2106 | R@1,IoU@0.9 0.0336 | R@5,mIoU 0.6758 | R@5,IoU@0.1 0.9911 | R@5,IoU@0.3 0.9687 | R@5,IoU@0.5 0.8448 | R@5,IoU@0.7 0.5038 | R@5,IoU@0.9 0.0830 |
2026-01-04 16:03:13,936 - ============================================================
2026-01-04 16:03:13,936 - Start Epoch 6
2026-01-04 16:03:33,411 - Epoch 6, Batch 50, lr = 0.00019, final_loss = 2.5568, nll_loss = 2.4609, ref_nll_loss = 2.6527, ivc_loss = 0.0514, neg_loss_1 = 0.0098, neg_loss_2 = 0.0087, ref_loss = 0.0199, div_loss = 0.0026, 0.389 seconds/batch
2026-01-04 16:03:52,718 - Epoch 6, Batch 100, lr = 0.00019, final_loss = 2.5090, nll_loss = 2.4142, ref_nll_loss = 2.6039, ivc_loss = 0.0526, neg_loss_1 = 0.0109, neg_loss_2 = 0.0087, ref_loss = 0.0203, div_loss = 0.0025, 0.388 seconds/batch
2026-01-04 16:04:12,056 - Epoch 6, Batch 150, lr = 0.00019, final_loss = 2.5142, nll_loss = 2.4150, ref_nll_loss = 2.6135, ivc_loss = 0.0509, neg_loss_1 = 0.0101, neg_loss_2 = 0.0081, ref_loss = 0.0193, div_loss = 0.0027, 0.387 seconds/batch
2026-01-04 16:04:31,320 - Epoch 6, Batch 200, lr = 0.00019, final_loss = 2.5139, nll_loss = 2.4176, ref_nll_loss = 2.6102, ivc_loss = 0.0529, neg_loss_1 = 0.0096, neg_loss_2 = 0.0082, ref_loss = 0.0215, div_loss = 0.0027, 0.387 seconds/batch
2026-01-04 16:04:50,566 - Epoch 6, Batch 250, lr = 0.00018, final_loss = 2.5280, nll_loss = 2.4317, ref_nll_loss = 2.6243, ivc_loss = 0.0533, neg_loss_1 = 0.0124, neg_loss_2 = 0.0082, ref_loss = 0.0206, div_loss = 0.0024, 0.387 seconds/batch
2026-01-04 16:05:09,788 - Epoch 6, Batch 300, lr = 0.00018, final_loss = 2.5519, nll_loss = 2.4542, ref_nll_loss = 2.6497, ivc_loss = 0.0539, neg_loss_1 = 0.0097, neg_loss_2 = 0.0090, ref_loss = 0.0196, div_loss = 0.0031, 0.386 seconds/batch
2026-01-04 16:05:22,002 - Epoch 6, Batch 332, lr = 0.00018, final_loss = 2.5248, nll_loss = 2.4233, ref_nll_loss = 2.6264, ivc_loss = 0.0528, neg_loss_1 = 0.0114, neg_loss_2 = 0.0087, ref_loss = 0.0195, div_loss = 0.0026, 0.386 seconds/batch
2026-01-04 16:05:22,051 - save model to checkpoints/charades/base/model-6.pt, num_updates 1992.
2026-01-04 16:05:49,457 - | R@1,mIoU 0.4200 | R@1,IoU@0.1 0.7369 | R@1,IoU@0.3 0.6406 | R@1,IoU@0.5 0.4772 | R@1,IoU@0.7 0.2087 | R@1,IoU@0.9 0.0294 | R@5,mIoU 0.6789 | R@5,IoU@0.1 0.9918 | R@5,IoU@0.3 0.9706 | R@5,IoU@0.5 0.8483 | R@5,IoU@0.7 0.5123 | R@5,IoU@0.9 0.0811 |
2026-01-04 16:05:49,538 - Best results have been updated.
2026-01-04 16:05:49,538 - ============================================================
2026-01-04 16:05:49,538 - Start Epoch 7
2026-01-04 16:06:08,998 - Epoch 7, Batch 50, lr = 0.00018, final_loss = 2.4706, nll_loss = 2.3761, ref_nll_loss = 2.5651, ivc_loss = 0.0547, neg_loss_1 = 0.0099, neg_loss_2 = 0.0112, ref_loss = 0.0210, div_loss = 0.0025, 0.389 seconds/batch
2026-01-04 16:06:28,259 - Epoch 7, Batch 100, lr = 0.00017, final_loss = 2.5217, nll_loss = 2.4189, ref_nll_loss = 2.6244, ivc_loss = 0.0508, neg_loss_1 = 0.0106, neg_loss_2 = 0.0085, ref_loss = 0.0189, div_loss = 0.0026, 0.387 seconds/batch
2026-01-04 16:06:47,521 - Epoch 7, Batch 150, lr = 0.00017, final_loss = 2.4837, nll_loss = 2.3850, ref_nll_loss = 2.5824, ivc_loss = 0.0489, neg_loss_1 = 0.0089, neg_loss_2 = 0.0081, ref_loss = 0.0192, div_loss = 0.0025, 0.387 seconds/batch
2026-01-04 16:07:03,019 - Epoch 7, Batch 200, lr = 0.00017, final_loss = 2.5128, nll_loss = 2.4129, ref_nll_loss = 2.6127, ivc_loss = 0.0470, neg_loss_1 = 0.0073, neg_loss_2 = 0.0081, ref_loss = 0.0196, div_loss = 0.0024, 0.367 seconds/batch
2026-01-04 16:07:15,926 - Epoch 7, Batch 250, lr = 0.00017, final_loss = 2.4718, nll_loss = 2.3694, ref_nll_loss = 2.5743, ivc_loss = 0.0518, neg_loss_1 = 0.0106, neg_loss_2 = 0.0091, ref_loss = 0.0191, div_loss = 0.0026, 0.346 seconds/batch
2026-01-04 16:07:28,885 - Epoch 7, Batch 300, lr = 0.00017, final_loss = 2.5049, nll_loss = 2.4066, ref_nll_loss = 2.6032, ivc_loss = 0.0508, neg_loss_1 = 0.0090, neg_loss_2 = 0.0102, ref_loss = 0.0199, div_loss = 0.0023, 0.331 seconds/batch
2026-01-04 16:07:37,087 - Epoch 7, Batch 332, lr = 0.00017, final_loss = 2.4669, nll_loss = 2.3681, ref_nll_loss = 2.5657, ivc_loss = 0.0463, neg_loss_1 = 0.0084, neg_loss_2 = 0.0072, ref_loss = 0.0192, div_loss = 0.0023, 0.324 seconds/batch
2026-01-04 16:07:37,137 - save model to checkpoints/charades/base/model-7.pt, num_updates 2324.
2026-01-04 16:08:01,694 - | R@1,mIoU 0.4186 | R@1,IoU@0.1 0.7350 | R@1,IoU@0.3 0.6460 | R@1,IoU@0.5 0.4734 | R@1,IoU@0.7 0.2103 | R@1,IoU@0.9 0.0282 | R@5,mIoU 0.6765 | R@5,IoU@0.1 0.9908 | R@5,IoU@0.3 0.9677 | R@5,IoU@0.5 0.8477 | R@5,IoU@0.7 0.5146 | R@5,IoU@0.9 0.0769 |
2026-01-04 16:08:01,695 - ============================================================
2026-01-04 16:08:01,695 - Start Epoch 8
2026-01-04 16:08:14,796 - Epoch 8, Batch 50, lr = 0.00016, final_loss = 2.4620, nll_loss = 2.3615, ref_nll_loss = 2.5625, ivc_loss = 0.0475, neg_loss_1 = 0.0087, neg_loss_2 = 0.0079, ref_loss = 0.0195, div_loss = 0.0023, 0.262 seconds/batch
2026-01-04 16:08:27,622 - Epoch 8, Batch 100, lr = 0.00016, final_loss = 2.4839, nll_loss = 2.3826, ref_nll_loss = 2.5851, ivc_loss = 0.0491, neg_loss_1 = 0.0094, neg_loss_2 = 0.0087, ref_loss = 0.0179, div_loss = 0.0026, 0.259 seconds/batch
2026-01-04 16:08:40,421 - Epoch 8, Batch 150, lr = 0.00016, final_loss = 2.4382, nll_loss = 2.3371, ref_nll_loss = 2.5393, ivc_loss = 0.0472, neg_loss_1 = 0.0081, neg_loss_2 = 0.0077, ref_loss = 0.0188, div_loss = 0.0025, 0.258 seconds/batch
2026-01-04 16:08:53,235 - Epoch 8, Batch 200, lr = 0.00016, final_loss = 2.4634, nll_loss = 2.3633, ref_nll_loss = 2.5635, ivc_loss = 0.0488, neg_loss_1 = 0.0092, neg_loss_2 = 0.0085, ref_loss = 0.0194, div_loss = 0.0023, 0.258 seconds/batch
2026-01-04 16:09:06,064 - Epoch 8, Batch 250, lr = 0.00016, final_loss = 2.4264, nll_loss = 2.3257, ref_nll_loss = 2.5272, ivc_loss = 0.0524, neg_loss_1 = 0.0100, neg_loss_2 = 0.0086, ref_loss = 0.0210, div_loss = 0.0026, 0.257 seconds/batch
2026-01-04 16:09:23,306 - Epoch 8, Batch 300, lr = 0.00016, final_loss = 2.5005, nll_loss = 2.3923, ref_nll_loss = 2.6087, ivc_loss = 0.0421, neg_loss_1 = 0.0065, neg_loss_2 = 0.0074, ref_loss = 0.0173, div_loss = 0.0022, 0.272 seconds/batch
2026-01-04 16:09:35,449 - Epoch 8, Batch 332, lr = 0.00016, final_loss = 2.4247, nll_loss = 2.3189, ref_nll_loss = 2.5305, ivc_loss = 0.0451, neg_loss_1 = 0.0082, neg_loss_2 = 0.0063, ref_loss = 0.0194, div_loss = 0.0022, 0.282 seconds/batch
2026-01-04 16:09:35,498 - save model to checkpoints/charades/base/model-8.pt, num_updates 2656.
2026-01-04 16:10:02,729 - | R@1,mIoU 0.4332 | R@1,IoU@0.1 0.7479 | R@1,IoU@0.3 0.6685 | R@1,IoU@0.5 0.4946 | R@1,IoU@0.7 0.2217 | R@1,IoU@0.9 0.0351 | R@5,mIoU 0.6768 | R@5,IoU@0.1 0.9892 | R@5,IoU@0.3 0.9642 | R@5,IoU@0.5 0.8407 | R@5,IoU@0.7 0.5149 | R@5,IoU@0.9 0.0874 |
2026-01-04 16:10:02,806 - Best results have been updated.
2026-01-04 16:10:02,806 - ============================================================
2026-01-04 16:10:02,806 - Start Epoch 9
2026-01-04 16:10:22,208 - Epoch 9, Batch 50, lr = 0.00015, final_loss = 2.4309, nll_loss = 2.3236, ref_nll_loss = 2.5383, ivc_loss = 0.0428, neg_loss_1 = 0.0084, neg_loss_2 = 0.0064, ref_loss = 0.0161, div_loss = 0.0024, 0.388 seconds/batch
2026-01-04 16:10:41,172 - Epoch 9, Batch 100, lr = 0.00015, final_loss = 2.4162, nll_loss = 2.3148, ref_nll_loss = 2.5176, ivc_loss = 0.0437, neg_loss_1 = 0.0055, neg_loss_2 = 0.0071, ref_loss = 0.0198, div_loss = 0.0023, 0.384 seconds/batch
2026-01-04 16:11:00,340 - Epoch 9, Batch 150, lr = 0.00015, final_loss = 2.4084, nll_loss = 2.3019, ref_nll_loss = 2.5148, ivc_loss = 0.0426, neg_loss_1 = 0.0068, neg_loss_2 = 0.0062, ref_loss = 0.0169, div_loss = 0.0025, 0.384 seconds/batch
2026-01-04 16:11:19,622 - Epoch 9, Batch 200, lr = 0.00015, final_loss = 2.4383, nll_loss = 2.3370, ref_nll_loss = 2.5396, ivc_loss = 0.0425, neg_loss_1 = 0.0067, neg_loss_2 = 0.0059, ref_loss = 0.0186, div_loss = 0.0023, 0.384 seconds/batch
2026-01-04 16:11:38,882 - Epoch 9, Batch 250, lr = 0.00015, final_loss = 2.4364, nll_loss = 2.3317, ref_nll_loss = 2.5411, ivc_loss = 0.0454, neg_loss_1 = 0.0063, neg_loss_2 = 0.0074, ref_loss = 0.0188, div_loss = 0.0026, 0.384 seconds/batch
2026-01-04 16:11:58,129 - Epoch 9, Batch 300, lr = 0.00015, final_loss = 2.4275, nll_loss = 2.3193, ref_nll_loss = 2.5356, ivc_loss = 0.0425, neg_loss_1 = 0.0059, neg_loss_2 = 0.0072, ref_loss = 0.0177, div_loss = 0.0023, 0.384 seconds/batch
2026-01-04 16:12:10,311 - Epoch 9, Batch 332, lr = 0.00015, final_loss = 2.4268, nll_loss = 2.3257, ref_nll_loss = 2.5279, ivc_loss = 0.0484, neg_loss_1 = 0.0076, neg_loss_2 = 0.0081, ref_loss = 0.0199, div_loss = 0.0026, 0.384 seconds/batch
2026-01-04 16:12:10,362 - save model to checkpoints/charades/base/model-9.pt, num_updates 2988.
2026-01-04 16:12:37,783 - | R@1,mIoU 0.4245 | R@1,IoU@0.1 0.7454 | R@1,IoU@0.3 0.6514 | R@1,IoU@0.5 0.4766 | R@1,IoU@0.7 0.2150 | R@1,IoU@0.9 0.0320 | R@5,mIoU 0.6801 | R@5,IoU@0.1 0.9930 | R@5,IoU@0.3 0.9737 | R@5,IoU@0.5 0.8477 | R@5,IoU@0.7 0.5231 | R@5,IoU@0.9 0.0880 |
2026-01-04 16:12:37,785 - ============================================================
2026-01-04 16:12:37,785 - Start Epoch 10
2026-01-04 16:12:57,266 - Epoch 10, Batch 50, lr = 0.00015, final_loss = 2.3831, nll_loss = 2.2736, ref_nll_loss = 2.4925, ivc_loss = 0.0401, neg_loss_1 = 0.0056, neg_loss_2 = 0.0078, ref_loss = 0.0146, div_loss = 0.0024, 0.390 seconds/batch
2026-01-04 16:13:16,533 - Epoch 10, Batch 100, lr = 0.00014, final_loss = 2.3936, nll_loss = 2.2842, ref_nll_loss = 2.5031, ivc_loss = 0.0412, neg_loss_1 = 0.0064, neg_loss_2 = 0.0059, ref_loss = 0.0164, div_loss = 0.0025, 0.387 seconds/batch
2026-01-04 16:13:35,747 - Epoch 10, Batch 150, lr = 0.00014, final_loss = 2.4178, nll_loss = 2.3082, ref_nll_loss = 2.5275, ivc_loss = 0.0400, neg_loss_1 = 0.0065, neg_loss_2 = 0.0057, ref_loss = 0.0156, div_loss = 0.0024, 0.386 seconds/batch
2026-01-04 16:13:54,973 - Epoch 10, Batch 200, lr = 0.00014, final_loss = 2.4290, nll_loss = 2.3218, ref_nll_loss = 2.5361, ivc_loss = 0.0412, neg_loss_1 = 0.0053, neg_loss_2 = 0.0055, ref_loss = 0.0172, div_loss = 0.0026, 0.386 seconds/batch
2026-01-04 16:14:14,202 - Epoch 10, Batch 250, lr = 0.00014, final_loss = 2.4013, nll_loss = 2.2926, ref_nll_loss = 2.5100, ivc_loss = 0.0393, neg_loss_1 = 0.0055, neg_loss_2 = 0.0048, ref_loss = 0.0168, div_loss = 0.0024, 0.386 seconds/batch
2026-01-04 16:14:33,471 - Epoch 10, Batch 300, lr = 0.00014, final_loss = 2.3734, nll_loss = 2.2652, ref_nll_loss = 2.4816, ivc_loss = 0.0409, neg_loss_1 = 0.0044, neg_loss_2 = 0.0057, ref_loss = 0.0180, div_loss = 0.0026, 0.386 seconds/batch
2026-01-04 16:14:45,663 - Epoch 10, Batch 332, lr = 0.00014, final_loss = 2.3589, nll_loss = 2.2513, ref_nll_loss = 2.4666, ivc_loss = 0.0395, neg_loss_1 = 0.0053, neg_loss_2 = 0.0053, ref_loss = 0.0168, div_loss = 0.0024, 0.385 seconds/batch
2026-01-04 16:14:45,710 - save model to checkpoints/charades/base/model-10.pt, num_updates 3320.
2026-01-04 16:15:13,242 - | R@1,mIoU 0.4238 | R@1,IoU@0.1 0.7495 | R@1,IoU@0.3 0.6526 | R@1,IoU@0.5 0.4826 | R@1,IoU@0.7 0.2147 | R@1,IoU@0.9 0.0279 | R@5,mIoU 0.6760 | R@5,IoU@0.1 0.9880 | R@5,IoU@0.3 0.9680 | R@5,IoU@0.5 0.8524 | R@5,IoU@0.7 0.5136 | R@5,IoU@0.9 0.0773 |
2026-01-04 16:15:13,243 - ============================================================
2026-01-04 16:15:13,243 - Start Epoch 11
2026-01-04 16:15:32,829 - Epoch 11, Batch 50, lr = 0.00014, final_loss = 2.3602, nll_loss = 2.2546, ref_nll_loss = 2.4658, ivc_loss = 0.0430, neg_loss_1 = 0.0045, neg_loss_2 = 0.0068, ref_loss = 0.0186, div_loss = 0.0026, 0.392 seconds/batch
2026-01-04 16:15:52,095 - Epoch 11, Batch 100, lr = 0.00014, final_loss = 2.3683, nll_loss = 2.2586, ref_nll_loss = 2.4779, ivc_loss = 0.0430, neg_loss_1 = 0.0051, neg_loss_2 = 0.0090, ref_loss = 0.0164, div_loss = 0.0025, 0.389 seconds/batch
2026-01-04 16:16:10,009 - Epoch 11, Batch 150, lr = 0.00014, final_loss = 2.3580, nll_loss = 2.2474, ref_nll_loss = 2.4686, ivc_loss = 0.0379, neg_loss_1 = 0.0047, neg_loss_2 = 0.0061, ref_loss = 0.0158, div_loss = 0.0023, 0.378 seconds/batch
2026-01-04 16:16:22,926 - Epoch 11, Batch 200, lr = 0.00013, final_loss = 2.3669, nll_loss = 2.2612, ref_nll_loss = 2.4727, ivc_loss = 0.0407, neg_loss_1 = 0.0046, neg_loss_2 = 0.0070, ref_loss = 0.0175, div_loss = 0.0023, 0.348 seconds/batch
2026-01-04 16:16:35,810 - Epoch 11, Batch 250, lr = 0.00013, final_loss = 2.3894, nll_loss = 2.2825, ref_nll_loss = 2.4963, ivc_loss = 0.0416, neg_loss_1 = 0.0064, neg_loss_2 = 0.0057, ref_loss = 0.0174, div_loss = 0.0024, 0.330 seconds/batch
2026-01-04 16:16:48,709 - Epoch 11, Batch 300, lr = 0.00013, final_loss = 2.3804, nll_loss = 2.2686, ref_nll_loss = 2.4922, ivc_loss = 0.0415, neg_loss_1 = 0.0062, neg_loss_2 = 0.0069, ref_loss = 0.0165, div_loss = 0.0024, 0.318 seconds/batch
2026-01-04 16:16:56,943 - Epoch 11, Batch 332, lr = 0.00013, final_loss = 2.3641, nll_loss = 2.2542, ref_nll_loss = 2.4739, ivc_loss = 0.0355, neg_loss_1 = 0.0037, neg_loss_2 = 0.0049, ref_loss = 0.0157, div_loss = 0.0022, 0.312 seconds/batch
2026-01-04 16:16:56,993 - save model to checkpoints/charades/base/model-11.pt, num_updates 3652.
2026-01-04 16:17:20,569 - | R@1,mIoU 0.4196 | R@1,IoU@0.1 0.7432 | R@1,IoU@0.3 0.6438 | R@1,IoU@0.5 0.4690 | R@1,IoU@0.7 0.2156 | R@1,IoU@0.9 0.0288 | R@5,mIoU 0.6749 | R@5,IoU@0.1 0.9877 | R@5,IoU@0.3 0.9658 | R@5,IoU@0.5 0.8426 | R@5,IoU@0.7 0.5168 | R@5,IoU@0.9 0.0776 |
2026-01-04 16:17:20,570 - ============================================================
2026-01-04 16:17:20,570 - Start Epoch 12
2026-01-04 16:17:33,671 - Epoch 12, Batch 50, lr = 0.00013, final_loss = 2.3052, nll_loss = 2.1973, ref_nll_loss = 2.4132, ivc_loss = 0.0417, neg_loss_1 = 0.0047, neg_loss_2 = 0.0056, ref_loss = 0.0183, div_loss = 0.0026, 0.262 seconds/batch
2026-01-04 16:17:46,514 - Epoch 12, Batch 100, lr = 0.00013, final_loss = 2.3608, nll_loss = 2.2510, ref_nll_loss = 2.4705, ivc_loss = 0.0390, neg_loss_1 = 0.0041, neg_loss_2 = 0.0062, ref_loss = 0.0164, div_loss = 0.0025, 0.259 seconds/batch
2026-01-04 16:17:59,330 - Epoch 12, Batch 150, lr = 0.00013, final_loss = 2.3563, nll_loss = 2.2434, ref_nll_loss = 2.4692, ivc_loss = 0.0394, neg_loss_1 = 0.0044, neg_loss_2 = 0.0055, ref_loss = 0.0178, div_loss = 0.0024, 0.258 seconds/batch
2026-01-04 16:18:12,126 - Epoch 12, Batch 200, lr = 0.00013, final_loss = 2.3232, nll_loss = 2.2114, ref_nll_loss = 2.4350, ivc_loss = 0.0404, neg_loss_1 = 0.0049, neg_loss_2 = 0.0072, ref_loss = 0.0170, div_loss = 0.0023, 0.258 seconds/batch
2026-01-04 16:18:26,686 - Epoch 12, Batch 250, lr = 0.00013, final_loss = 2.3717, nll_loss = 2.2619, ref_nll_loss = 2.4815, ivc_loss = 0.0392, neg_loss_1 = 0.0043, neg_loss_2 = 0.0064, ref_loss = 0.0167, div_loss = 0.0024, 0.264 seconds/batch
2026-01-04 16:18:45,903 - Epoch 12, Batch 300, lr = 0.00013, final_loss = 2.3519, nll_loss = 2.2405, ref_nll_loss = 2.4632, ivc_loss = 0.0366, neg_loss_1 = 0.0033, neg_loss_2 = 0.0049, ref_loss = 0.0171, div_loss = 0.0023, 0.284 seconds/batch
2026-01-04 16:18:57,845 - Epoch 12, Batch 332, lr = 0.00013, final_loss = 2.3342, nll_loss = 2.2209, ref_nll_loss = 2.4474, ivc_loss = 0.0405, neg_loss_1 = 0.0046, neg_loss_2 = 0.0069, ref_loss = 0.0178, div_loss = 0.0022, 0.293 seconds/batch
2026-01-04 16:18:57,894 - save model to checkpoints/charades/base/model-12.pt, num_updates 3984.
2026-01-04 16:19:25,280 - | R@1,mIoU 0.4309 | R@1,IoU@0.1 0.7479 | R@1,IoU@0.3 0.6631 | R@1,IoU@0.5 0.4892 | R@1,IoU@0.7 0.2239 | R@1,IoU@0.9 0.0320 | R@5,mIoU 0.6785 | R@5,IoU@0.1 0.9892 | R@5,IoU@0.3 0.9658 | R@5,IoU@0.5 0.8471 | R@5,IoU@0.7 0.5212 | R@5,IoU@0.9 0.0807 |
2026-01-04 16:19:25,282 - ============================================================
2026-01-04 16:19:25,282 - Start Epoch 13
2026-01-04 16:19:44,739 - Epoch 13, Batch 50, lr = 0.00013, final_loss = 2.3184, nll_loss = 2.2086, ref_nll_loss = 2.4282, ivc_loss = 0.0362, neg_loss_1 = 0.0037, neg_loss_2 = 0.0053, ref_loss = 0.0163, div_loss = 0.0022, 0.389 seconds/batch
2026-01-04 16:20:03,927 - Epoch 13, Batch 100, lr = 0.00013, final_loss = 2.3234, nll_loss = 2.2124, ref_nll_loss = 2.4344, ivc_loss = 0.0372, neg_loss_1 = 0.0036, neg_loss_2 = 0.0053, ref_loss = 0.0170, div_loss = 0.0022, 0.386 seconds/batch
2026-01-04 16:20:23,143 - Epoch 13, Batch 150, lr = 0.00012, final_loss = 2.3184, nll_loss = 2.2107, ref_nll_loss = 2.4260, ivc_loss = 0.0402, neg_loss_1 = 0.0045, neg_loss_2 = 0.0051, ref_loss = 0.0178, div_loss = 0.0026, 0.386 seconds/batch
2026-01-04 16:20:42,407 - Epoch 13, Batch 200, lr = 0.00012, final_loss = 2.3147, nll_loss = 2.2099, ref_nll_loss = 2.4195, ivc_loss = 0.0394, neg_loss_1 = 0.0057, neg_loss_2 = 0.0049, ref_loss = 0.0176, div_loss = 0.0022, 0.386 seconds/batch
2026-01-04 16:21:01,679 - Epoch 13, Batch 250, lr = 0.00012, final_loss = 2.3410, nll_loss = 2.2276, ref_nll_loss = 2.4545, ivc_loss = 0.0372, neg_loss_1 = 0.0034, neg_loss_2 = 0.0056, ref_loss = 0.0166, div_loss = 0.0023, 0.386 seconds/batch
2026-01-04 16:21:20,950 - Epoch 13, Batch 300, lr = 0.00012, final_loss = 2.3325, nll_loss = 2.2208, ref_nll_loss = 2.4441, ivc_loss = 0.0374, neg_loss_1 = 0.0035, neg_loss_2 = 0.0062, ref_loss = 0.0166, div_loss = 0.0022, 0.386 seconds/batch
2026-01-04 16:21:33,165 - Epoch 13, Batch 332, lr = 0.00012, final_loss = 2.3500, nll_loss = 2.2418, ref_nll_loss = 2.4581, ivc_loss = 0.0398, neg_loss_1 = 0.0042, neg_loss_2 = 0.0055, ref_loss = 0.0170, div_loss = 0.0026, 0.385 seconds/batch
2026-01-04 16:21:33,214 - save model to checkpoints/charades/base/model-13.pt, num_updates 4316.
2026-01-04 16:22:00,683 - | R@1,mIoU 0.4185 | R@1,IoU@0.1 0.7346 | R@1,IoU@0.3 0.6444 | R@1,IoU@0.5 0.4658 | R@1,IoU@0.7 0.2185 | R@1,IoU@0.9 0.0279 | R@5,mIoU 0.6709 | R@5,IoU@0.1 0.9877 | R@5,IoU@0.3 0.9636 | R@5,IoU@0.5 0.8309 | R@5,IoU@0.7 0.4994 | R@5,IoU@0.9 0.0833 |
2026-01-04 16:22:00,684 - ============================================================
2026-01-04 16:22:00,684 - Start Epoch 14
2026-01-04 16:22:20,201 - Epoch 14, Batch 50, lr = 0.00012, final_loss = 2.2945, nll_loss = 2.1851, ref_nll_loss = 2.4038, ivc_loss = 0.0420, neg_loss_1 = 0.0036, neg_loss_2 = 0.0056, ref_loss = 0.0181, div_loss = 0.0029, 0.390 seconds/batch
2026-01-04 16:22:39,458 - Epoch 14, Batch 100, lr = 0.00012, final_loss = 2.3187, nll_loss = 2.2105, ref_nll_loss = 2.4270, ivc_loss = 0.0376, neg_loss_1 = 0.0029, neg_loss_2 = 0.0055, ref_loss = 0.0169, div_loss = 0.0025, 0.388 seconds/batch
2026-01-04 16:22:58,761 - Epoch 14, Batch 150, lr = 0.00012, final_loss = 2.2992, nll_loss = 2.1858, ref_nll_loss = 2.4125, ivc_loss = 0.0369, neg_loss_1 = 0.0039, neg_loss_2 = 0.0056, ref_loss = 0.0158, div_loss = 0.0023, 0.387 seconds/batch
2026-01-04 16:23:17,994 - Epoch 14, Batch 200, lr = 0.00012, final_loss = 2.3000, nll_loss = 2.1911, ref_nll_loss = 2.4089, ivc_loss = 0.0364, neg_loss_1 = 0.0033, neg_loss_2 = 0.0059, ref_loss = 0.0156, div_loss = 0.0023, 0.387 seconds/batch
2026-01-04 16:23:37,211 - Epoch 14, Batch 250, lr = 0.00012, final_loss = 2.3338, nll_loss = 2.2187, ref_nll_loss = 2.4489, ivc_loss = 0.0369, neg_loss_1 = 0.0037, neg_loss_2 = 0.0057, ref_loss = 0.0151, div_loss = 0.0025, 0.386 seconds/batch
2026-01-04 16:23:56,451 - Epoch 14, Batch 300, lr = 0.00012, final_loss = 2.2994, nll_loss = 2.1878, ref_nll_loss = 2.4111, ivc_loss = 0.0376, neg_loss_1 = 0.0042, neg_loss_2 = 0.0055, ref_loss = 0.0162, div_loss = 0.0023, 0.386 seconds/batch
2026-01-04 16:24:08,638 - Epoch 14, Batch 332, lr = 0.00012, final_loss = 2.3155, nll_loss = 2.1986, ref_nll_loss = 2.4324, ivc_loss = 0.0316, neg_loss_1 = 0.0031, neg_loss_2 = 0.0043, ref_loss = 0.0131, div_loss = 0.0022, 0.385 seconds/batch
2026-01-04 16:24:08,694 - save model to checkpoints/charades/base/model-14.pt, num_updates 4648.
2026-01-04 16:24:36,266 - | R@1,mIoU 0.4319 | R@1,IoU@0.1 0.7517 | R@1,IoU@0.3 0.6599 | R@1,IoU@0.5 0.4877 | R@1,IoU@0.7 0.2308 | R@1,IoU@0.9 0.0355 | R@5,mIoU 0.6779 | R@5,IoU@0.1 0.9880 | R@5,IoU@0.3 0.9636 | R@5,IoU@0.5 0.8480 | R@5,IoU@0.7 0.5282 | R@5,IoU@0.9 0.0801 |
2026-01-04 16:24:36,266 - ============================================================
2026-01-04 16:24:36,266 - Start Epoch 15
2026-01-04 16:24:55,804 - Epoch 15, Batch 50, lr = 0.00012, final_loss = 2.2458, nll_loss = 2.1303, ref_nll_loss = 2.3612, ivc_loss = 0.0358, neg_loss_1 = 0.0032, neg_loss_2 = 0.0047, ref_loss = 0.0148, div_loss = 0.0026, 0.391 seconds/batch
2026-01-04 16:25:15,040 - Epoch 15, Batch 100, lr = 0.00012, final_loss = 2.3060, nll_loss = 2.1927, ref_nll_loss = 2.4192, ivc_loss = 0.0356, neg_loss_1 = 0.0036, neg_loss_2 = 0.0061, ref_loss = 0.0145, div_loss = 0.0023, 0.388 seconds/batch
2026-01-04 16:25:29,129 - Epoch 15, Batch 150, lr = 0.00012, final_loss = 2.2937, nll_loss = 2.1812, ref_nll_loss = 2.4063, ivc_loss = 0.0356, neg_loss_1 = 0.0029, neg_loss_2 = 0.0060, ref_loss = 0.0150, div_loss = 0.0024, 0.352 seconds/batch
2026-01-04 16:25:41,961 - Epoch 15, Batch 200, lr = 0.00011, final_loss = 2.2967, nll_loss = 2.1859, ref_nll_loss = 2.4075, ivc_loss = 0.0388, neg_loss_1 = 0.0034, neg_loss_2 = 0.0066, ref_loss = 0.0171, div_loss = 0.0023, 0.328 seconds/batch
2026-01-04 16:25:54,770 - Epoch 15, Batch 250, lr = 0.00011, final_loss = 2.2735, nll_loss = 2.1609, ref_nll_loss = 2.3861, ivc_loss = 0.0388, neg_loss_1 = 0.0042, neg_loss_2 = 0.0050, ref_loss = 0.0172, div_loss = 0.0025, 0.314 seconds/batch
2026-01-04 16:26:07,603 - Epoch 15, Batch 300, lr = 0.00011, final_loss = 2.2942, nll_loss = 2.1840, ref_nll_loss = 2.4044, ivc_loss = 0.0381, neg_loss_1 = 0.0025, neg_loss_2 = 0.0059, ref_loss = 0.0183, div_loss = 0.0023, 0.304 seconds/batch
2026-01-04 16:26:15,803 - Epoch 15, Batch 332, lr = 0.00011, final_loss = 2.2960, nll_loss = 2.1761, ref_nll_loss = 2.4160, ivc_loss = 0.0369, neg_loss_1 = 0.0039, neg_loss_2 = 0.0044, ref_loss = 0.0159, div_loss = 0.0025, 0.300 seconds/batch
2026-01-04 16:26:15,859 - save model to checkpoints/charades/base/model-15.pt, num_updates 4980.
2026-01-04 16:26:40,505 - | R@1,mIoU 0.4312 | R@1,IoU@0.1 0.7508 | R@1,IoU@0.3 0.6643 | R@1,IoU@0.5 0.4835 | R@1,IoU@0.7 0.2220 | R@1,IoU@0.9 0.0323 | R@5,mIoU 0.6740 | R@5,IoU@0.1 0.9873 | R@5,IoU@0.3 0.9626 | R@5,IoU@0.5 0.8385 | R@5,IoU@0.7 0.5190 | R@5,IoU@0.9 0.0820 |
2026-01-04 16:26:40,506 - ============================================================
2026-01-04 16:26:40,506 - Start Epoch 16
2026-01-04 16:26:53,660 - Epoch 16, Batch 50, lr = 0.00011, final_loss = 2.2666, nll_loss = 2.1559, ref_nll_loss = 2.3773, ivc_loss = 0.0372, neg_loss_1 = 0.0039, neg_loss_2 = 0.0047, ref_loss = 0.0175, div_loss = 0.0022, 0.263 seconds/batch
2026-01-04 16:27:06,555 - Epoch 16, Batch 100, lr = 0.00011, final_loss = 2.2687, nll_loss = 2.1562, ref_nll_loss = 2.3811, ivc_loss = 0.0365, neg_loss_1 = 0.0034, neg_loss_2 = 0.0061, ref_loss = 0.0148, div_loss = 0.0024, 0.260 seconds/batch
2026-01-04 16:27:19,478 - Epoch 16, Batch 150, lr = 0.00011, final_loss = 2.2619, nll_loss = 2.1480, ref_nll_loss = 2.3757, ivc_loss = 0.0370, neg_loss_1 = 0.0034, neg_loss_2 = 0.0044, ref_loss = 0.0171, div_loss = 0.0024, 0.260 seconds/batch
2026-01-04 16:27:32,343 - Epoch 16, Batch 200, lr = 0.00011, final_loss = 2.2473, nll_loss = 2.1321, ref_nll_loss = 2.3626, ivc_loss = 0.0362, neg_loss_1 = 0.0028, neg_loss_2 = 0.0046, ref_loss = 0.0160, div_loss = 0.0026, 0.259 seconds/batch
2026-01-04 16:27:51,610 - Epoch 16, Batch 250, lr = 0.00011, final_loss = 2.2933, nll_loss = 2.1801, ref_nll_loss = 2.4064, ivc_loss = 0.0382, neg_loss_1 = 0.0039, neg_loss_2 = 0.0052, ref_loss = 0.0176, div_loss = 0.0023, 0.284 seconds/batch
2026-01-04 16:28:10,815 - Epoch 16, Batch 300, lr = 0.00011, final_loss = 2.2687, nll_loss = 2.1579, ref_nll_loss = 2.3796, ivc_loss = 0.0376, neg_loss_1 = 0.0031, neg_loss_2 = 0.0050, ref_loss = 0.0179, div_loss = 0.0023, 0.301 seconds/batch
2026-01-04 16:28:22,975 - Epoch 16, Batch 332, lr = 0.00011, final_loss = 2.2649, nll_loss = 2.1508, ref_nll_loss = 2.3791, ivc_loss = 0.0329, neg_loss_1 = 0.0019, neg_loss_2 = 0.0052, ref_loss = 0.0147, div_loss = 0.0022, 0.309 seconds/batch
2026-01-04 16:28:23,024 - save model to checkpoints/charades/base/model-16.pt, num_updates 5312.
2026-01-04 16:28:50,303 - | R@1,mIoU 0.4348 | R@1,IoU@0.1 0.7606 | R@1,IoU@0.3 0.6669 | R@1,IoU@0.5 0.4905 | R@1,IoU@0.7 0.2264 | R@1,IoU@0.9 0.0332 | R@5,mIoU 0.6737 | R@5,IoU@0.1 0.9873 | R@5,IoU@0.3 0.9620 | R@5,IoU@0.5 0.8347 | R@5,IoU@0.7 0.5199 | R@5,IoU@0.9 0.0788 |
2026-01-04 16:28:50,382 - Best results have been updated.
2026-01-04 16:28:50,383 - ============================================================
2026-01-04 16:28:50,383 - Start Epoch 17
2026-01-04 16:29:09,772 - Epoch 17, Batch 50, lr = 0.00011, final_loss = 2.2233, nll_loss = 2.1089, ref_nll_loss = 2.3377, ivc_loss = 0.0330, neg_loss_1 = 0.0016, neg_loss_2 = 0.0044, ref_loss = 0.0146, div_loss = 0.0025, 0.388 seconds/batch
2026-01-04 16:29:29,028 - Epoch 17, Batch 100, lr = 0.00011, final_loss = 2.2558, nll_loss = 2.1433, ref_nll_loss = 2.3684, ivc_loss = 0.0356, neg_loss_1 = 0.0023, neg_loss_2 = 0.0050, ref_loss = 0.0158, div_loss = 0.0025, 0.386 seconds/batch
2026-01-04 16:29:48,304 - Epoch 17, Batch 150, lr = 0.00011, final_loss = 2.2850, nll_loss = 2.1690, ref_nll_loss = 2.4009, ivc_loss = 0.0367, neg_loss_1 = 0.0028, neg_loss_2 = 0.0056, ref_loss = 0.0168, div_loss = 0.0023, 0.386 seconds/batch
2026-01-04 16:30:07,556 - Epoch 17, Batch 200, lr = 0.00011, final_loss = 2.2458, nll_loss = 2.1301, ref_nll_loss = 2.3616, ivc_loss = 0.0353, neg_loss_1 = 0.0029, neg_loss_2 = 0.0054, ref_loss = 0.0154, div_loss = 0.0023, 0.386 seconds/batch
2026-01-04 16:30:26,784 - Epoch 17, Batch 250, lr = 0.00011, final_loss = 2.2431, nll_loss = 2.1312, ref_nll_loss = 2.3550, ivc_loss = 0.0362, neg_loss_1 = 0.0024, neg_loss_2 = 0.0049, ref_loss = 0.0174, div_loss = 0.0023, 0.386 seconds/batch
2026-01-04 16:30:45,982 - Epoch 17, Batch 300, lr = 0.00011, final_loss = 2.2339, nll_loss = 2.1205, ref_nll_loss = 2.3472, ivc_loss = 0.0353, neg_loss_1 = 0.0027, neg_loss_2 = 0.0047, ref_loss = 0.0166, div_loss = 0.0023, 0.385 seconds/batch
2026-01-04 16:30:58,173 - Epoch 17, Batch 332, lr = 0.00011, final_loss = 2.2390, nll_loss = 2.1229, ref_nll_loss = 2.3551, ivc_loss = 0.0341, neg_loss_1 = 0.0032, neg_loss_2 = 0.0045, ref_loss = 0.0154, div_loss = 0.0022, 0.385 seconds/batch
2026-01-04 16:30:58,218 - save model to checkpoints/charades/base/model-17.pt, num_updates 5644.
2026-01-04 16:31:25,862 - | R@1,mIoU 0.4266 | R@1,IoU@0.1 0.7429 | R@1,IoU@0.3 0.6529 | R@1,IoU@0.5 0.4807 | R@1,IoU@0.7 0.2239 | R@1,IoU@0.9 0.0329 | R@5,mIoU 0.6723 | R@5,IoU@0.1 0.9848 | R@5,IoU@0.3 0.9588 | R@5,IoU@0.5 0.8369 | R@5,IoU@0.7 0.5161 | R@5,IoU@0.9 0.0779 |
2026-01-04 16:31:25,862 - ============================================================
2026-01-04 16:31:25,862 - Start Epoch 18
2026-01-04 16:31:45,363 - Epoch 18, Batch 50, lr = 0.00011, final_loss = 2.2343, nll_loss = 2.1213, ref_nll_loss = 2.3474, ivc_loss = 0.0339, neg_loss_1 = 0.0018, neg_loss_2 = 0.0052, ref_loss = 0.0163, div_loss = 0.0021, 0.390 seconds/batch
2026-01-04 16:32:04,670 - Epoch 18, Batch 100, lr = 0.00011, final_loss = 2.2151, nll_loss = 2.1019, ref_nll_loss = 2.3283, ivc_loss = 0.0351, neg_loss_1 = 0.0031, neg_loss_2 = 0.0045, ref_loss = 0.0160, div_loss = 0.0023, 0.388 seconds/batch
2026-01-04 16:32:23,938 - Epoch 18, Batch 150, lr = 0.00011, final_loss = 2.2420, nll_loss = 2.1300, ref_nll_loss = 2.3540, ivc_loss = 0.0354, neg_loss_1 = 0.0033, neg_loss_2 = 0.0049, ref_loss = 0.0160, div_loss = 0.0022, 0.387 seconds/batch
2026-01-04 16:32:43,016 - Epoch 18, Batch 200, lr = 0.00010, final_loss = 2.2138, nll_loss = 2.1003, ref_nll_loss = 2.3274, ivc_loss = 0.0351, neg_loss_1 = 0.0026, neg_loss_2 = 0.0051, ref_loss = 0.0160, div_loss = 0.0023, 0.386 seconds/batch
2026-01-04 16:33:02,259 - Epoch 18, Batch 250, lr = 0.00010, final_loss = 2.2352, nll_loss = 2.1231, ref_nll_loss = 2.3472, ivc_loss = 0.0396, neg_loss_1 = 0.0040, neg_loss_2 = 0.0056, ref_loss = 0.0187, div_loss = 0.0023, 0.386 seconds/batch
2026-01-04 16:33:21,609 - Epoch 18, Batch 300, lr = 0.00010, final_loss = 2.2345, nll_loss = 2.1225, ref_nll_loss = 2.3465, ivc_loss = 0.0350, neg_loss_1 = 0.0028, neg_loss_2 = 0.0053, ref_loss = 0.0158, div_loss = 0.0022, 0.386 seconds/batch
2026-01-04 16:33:33,815 - Epoch 18, Batch 332, lr = 0.00010, final_loss = 2.2191, nll_loss = 2.0992, ref_nll_loss = 2.3390, ivc_loss = 0.0337, neg_loss_1 = 0.0024, neg_loss_2 = 0.0042, ref_loss = 0.0154, div_loss = 0.0023, 0.385 seconds/batch
2026-01-04 16:33:33,864 - save model to checkpoints/charades/base/model-18.pt, num_updates 5976.
2026-01-04 16:34:01,354 - | R@1,mIoU 0.4237 | R@1,IoU@0.1 0.7432 | R@1,IoU@0.3 0.6520 | R@1,IoU@0.5 0.4702 | R@1,IoU@0.7 0.2220 | R@1,IoU@0.9 0.0285 | R@5,mIoU 0.6634 | R@5,IoU@0.1 0.9804 | R@5,IoU@0.3 0.9500 | R@5,IoU@0.5 0.8249 | R@5,IoU@0.7 0.5041 | R@5,IoU@0.9 0.0716 |
2026-01-04 16:34:01,354 - ============================================================
2026-01-04 16:34:01,354 - Start Epoch 19
2026-01-04 16:34:20,946 - Epoch 19, Batch 50, lr = 0.00010, final_loss = 2.2148, nll_loss = 2.0986, ref_nll_loss = 2.3309, ivc_loss = 0.0348, neg_loss_1 = 0.0021, neg_loss_2 = 0.0052, ref_loss = 0.0162, div_loss = 0.0023, 0.392 seconds/batch
2026-01-04 16:34:36,684 - Epoch 19, Batch 100, lr = 0.00010, final_loss = 2.1973, nll_loss = 2.0826, ref_nll_loss = 2.3119, ivc_loss = 0.0356, neg_loss_1 = 0.0030, neg_loss_2 = 0.0052, ref_loss = 0.0163, div_loss = 0.0022, 0.353 seconds/batch
2026-01-04 16:34:49,546 - Epoch 19, Batch 150, lr = 0.00010, final_loss = 2.2192, nll_loss = 2.1050, ref_nll_loss = 2.3333, ivc_loss = 0.0360, neg_loss_1 = 0.0035, neg_loss_2 = 0.0049, ref_loss = 0.0162, div_loss = 0.0023, 0.321 seconds/batch
2026-01-04 16:35:02,467 - Epoch 19, Batch 200, lr = 0.00010, final_loss = 2.1832, nll_loss = 2.0662, ref_nll_loss = 2.3003, ivc_loss = 0.0332, neg_loss_1 = 0.0014, neg_loss_2 = 0.0045, ref_loss = 0.0163, div_loss = 0.0022, 0.306 seconds/batch
2026-01-04 16:35:15,442 - Epoch 19, Batch 250, lr = 0.00010, final_loss = 2.1808, nll_loss = 2.0732, ref_nll_loss = 2.2885, ivc_loss = 0.0387, neg_loss_1 = 0.0025, neg_loss_2 = 0.0051, ref_loss = 0.0188, div_loss = 0.0025, 0.296 seconds/batch
2026-01-04 16:35:28,390 - Epoch 19, Batch 300, lr = 0.00010, final_loss = 2.2318, nll_loss = 2.1155, ref_nll_loss = 2.3480, ivc_loss = 0.0372, neg_loss_1 = 0.0029, neg_loss_2 = 0.0043, ref_loss = 0.0185, div_loss = 0.0023, 0.290 seconds/batch
2026-01-04 16:35:36,620 - Epoch 19, Batch 332, lr = 0.00010, final_loss = 2.2388, nll_loss = 2.1263, ref_nll_loss = 2.3513, ivc_loss = 0.0360, neg_loss_1 = 0.0019, neg_loss_2 = 0.0047, ref_loss = 0.0181, div_loss = 0.0023, 0.287 seconds/batch
2026-01-04 16:35:36,670 - save model to checkpoints/charades/base/model-19.pt, num_updates 6308.
2026-01-04 16:36:01,510 - | R@1,mIoU 0.4305 | R@1,IoU@0.1 0.7540 | R@1,IoU@0.3 0.6571 | R@1,IoU@0.5 0.4804 | R@1,IoU@0.7 0.2258 | R@1,IoU@0.9 0.0336 | R@5,mIoU 0.6747 | R@5,IoU@0.1 0.9883 | R@5,IoU@0.3 0.9636 | R@5,IoU@0.5 0.8353 | R@5,IoU@0.7 0.5225 | R@5,IoU@0.9 0.0795 |
2026-01-04 16:36:01,511 - ============================================================
2026-01-04 16:36:01,511 - Start Epoch 20
2026-01-04 16:36:14,620 - Epoch 20, Batch 50, lr = 0.00010, final_loss = 2.1791, nll_loss = 2.0655, ref_nll_loss = 2.2927, ivc_loss = 0.0338, neg_loss_1 = 0.0020, neg_loss_2 = 0.0041, ref_loss = 0.0166, div_loss = 0.0022, 0.262 seconds/batch
2026-01-04 16:36:27,411 - Epoch 20, Batch 100, lr = 0.00010, final_loss = 2.1842, nll_loss = 2.0706, ref_nll_loss = 2.2979, ivc_loss = 0.0356, neg_loss_1 = 0.0034, neg_loss_2 = 0.0036, ref_loss = 0.0170, div_loss = 0.0023, 0.259 seconds/batch
2026-01-04 16:36:40,248 - Epoch 20, Batch 150, lr = 0.00010, final_loss = 2.1904, nll_loss = 2.0742, ref_nll_loss = 2.3067, ivc_loss = 0.0354, neg_loss_1 = 0.0034, neg_loss_2 = 0.0049, ref_loss = 0.0155, div_loss = 0.0023, 0.258 seconds/batch
2026-01-04 16:36:57,778 - Epoch 20, Batch 200, lr = 0.00010, final_loss = 2.1889, nll_loss = 2.0738, ref_nll_loss = 2.3040, ivc_loss = 0.0392, neg_loss_1 = 0.0022, neg_loss_2 = 0.0056, ref_loss = 0.0192, div_loss = 0.0025, 0.281 seconds/batch
2026-01-04 16:37:16,960 - Epoch 20, Batch 250, lr = 0.00010, final_loss = 2.1890, nll_loss = 2.0744, ref_nll_loss = 2.3037, ivc_loss = 0.0357, neg_loss_1 = 0.0025, neg_loss_2 = 0.0042, ref_loss = 0.0176, div_loss = 0.0023, 0.302 seconds/batch
2026-01-04 16:37:36,159 - Epoch 20, Batch 300, lr = 0.00010, final_loss = 2.1946, nll_loss = 2.0786, ref_nll_loss = 2.3107, ivc_loss = 0.0354, neg_loss_1 = 0.0036, neg_loss_2 = 0.0051, ref_loss = 0.0158, div_loss = 0.0022, 0.315 seconds/batch
2026-01-04 16:37:48,337 - Epoch 20, Batch 332, lr = 0.00010, final_loss = 2.2117, nll_loss = 2.0942, ref_nll_loss = 2.3292, ivc_loss = 0.0322, neg_loss_1 = 0.0022, neg_loss_2 = 0.0043, ref_loss = 0.0145, div_loss = 0.0023, 0.322 seconds/batch
2026-01-04 16:37:48,386 - save model to checkpoints/charades/base/model-20.pt, num_updates 6640.
2026-01-04 16:38:15,753 - | R@1,mIoU 0.4248 | R@1,IoU@0.1 0.7448 | R@1,IoU@0.3 0.6517 | R@1,IoU@0.5 0.4782 | R@1,IoU@0.7 0.2213 | R@1,IoU@0.9 0.0313 | R@5,mIoU 0.6718 | R@5,IoU@0.1 0.9883 | R@5,IoU@0.3 0.9607 | R@5,IoU@0.5 0.8360 | R@5,IoU@0.7 0.5120 | R@5,IoU@0.9 0.0769 |
2026-01-04 16:38:15,754 - ============================================================
2026-01-04 16:38:15,754 - Start Epoch 21
2026-01-04 16:38:35,329 - Epoch 21, Batch 50, lr = 0.00010, final_loss = 2.1863, nll_loss = 2.0733, ref_nll_loss = 2.2992, ivc_loss = 0.0358, neg_loss_1 = 0.0028, neg_loss_2 = 0.0040, ref_loss = 0.0181, div_loss = 0.0022, 0.391 seconds/batch
2026-01-04 16:38:54,624 - Epoch 21, Batch 100, lr = 0.00010, final_loss = 2.1703, nll_loss = 2.0555, ref_nll_loss = 2.2851, ivc_loss = 0.0354, neg_loss_1 = 0.0031, neg_loss_2 = 0.0046, ref_loss = 0.0165, div_loss = 0.0022, 0.389 seconds/batch
2026-01-04 16:39:13,878 - Epoch 21, Batch 150, lr = 0.00010, final_loss = 2.1369, nll_loss = 2.0214, ref_nll_loss = 2.2524, ivc_loss = 0.0353, neg_loss_1 = 0.0025, neg_loss_2 = 0.0045, ref_loss = 0.0166, div_loss = 0.0023, 0.387 seconds/batch
2026-01-04 16:39:33,133 - Epoch 21, Batch 200, lr = 0.00010, final_loss = 2.1879, nll_loss = 2.0701, ref_nll_loss = 2.3057, ivc_loss = 0.0355, neg_loss_1 = 0.0022, neg_loss_2 = 0.0043, ref_loss = 0.0177, div_loss = 0.0023, 0.387 seconds/batch
2026-01-04 16:39:52,317 - Epoch 21, Batch 250, lr = 0.00010, final_loss = 2.2111, nll_loss = 2.0929, ref_nll_loss = 2.3293, ivc_loss = 0.0342, neg_loss_1 = 0.0026, neg_loss_2 = 0.0042, ref_loss = 0.0160, div_loss = 0.0023, 0.386 seconds/batch
2026-01-04 16:40:11,511 - Epoch 21, Batch 300, lr = 0.00010, final_loss = 2.1740, nll_loss = 2.0602, ref_nll_loss = 2.2879, ivc_loss = 0.0362, neg_loss_1 = 0.0032, neg_loss_2 = 0.0041, ref_loss = 0.0176, div_loss = 0.0023, 0.386 seconds/batch
2026-01-04 16:40:23,698 - Epoch 21, Batch 332, lr = 0.00010, final_loss = 2.1930, nll_loss = 2.0734, ref_nll_loss = 2.3125, ivc_loss = 0.0361, neg_loss_1 = 0.0028, neg_loss_2 = 0.0052, ref_loss = 0.0172, div_loss = 0.0022, 0.385 seconds/batch
2026-01-04 16:40:23,749 - save model to checkpoints/charades/base/model-21.pt, num_updates 6972.
2026-01-04 16:40:51,327 - | R@1,mIoU 0.4361 | R@1,IoU@0.1 0.7578 | R@1,IoU@0.3 0.6659 | R@1,IoU@0.5 0.4886 | R@1,IoU@0.7 0.2365 | R@1,IoU@0.9 0.0367 | R@5,mIoU 0.6745 | R@5,IoU@0.1 0.9873 | R@5,IoU@0.3 0.9649 | R@5,IoU@0.5 0.8423 | R@5,IoU@0.7 0.5152 | R@5,IoU@0.9 0.0788 |
2026-01-04 16:40:51,404 - Best results have been updated.
2026-01-04 16:40:51,404 - ============================================================
2026-01-04 16:40:51,404 - Start Epoch 22
2026-01-04 16:41:10,856 - Epoch 22, Batch 50, lr = 0.00010, final_loss = 2.1641, nll_loss = 2.0544, ref_nll_loss = 2.2739, ivc_loss = 0.0375, neg_loss_1 = 0.0030, neg_loss_2 = 0.0048, ref_loss = 0.0187, div_loss = 0.0022, 0.389 seconds/batch
2026-01-04 16:41:30,119 - Epoch 22, Batch 100, lr = 0.00010, final_loss = 2.1510, nll_loss = 2.0365, ref_nll_loss = 2.2656, ivc_loss = 0.0351, neg_loss_1 = 0.0025, neg_loss_2 = 0.0041, ref_loss = 0.0162, div_loss = 0.0025, 0.387 seconds/batch
2026-01-04 16:41:49,406 - Epoch 22, Batch 150, lr = 0.00009, final_loss = 2.1696, nll_loss = 2.0530, ref_nll_loss = 2.2861, ivc_loss = 0.0367, neg_loss_1 = 0.0027, neg_loss_2 = 0.0043, ref_loss = 0.0182, div_loss = 0.0023, 0.387 seconds/batch
2026-01-04 16:42:08,712 - Epoch 22, Batch 200, lr = 0.00009, final_loss = 2.1588, nll_loss = 2.0427, ref_nll_loss = 2.2749, ivc_loss = 0.0338, neg_loss_1 = 0.0020, neg_loss_2 = 0.0048, ref_loss = 0.0159, div_loss = 0.0022, 0.387 seconds/batch
2026-01-04 16:42:28,018 - Epoch 22, Batch 250, lr = 0.00009, final_loss = 2.1628, nll_loss = 2.0446, ref_nll_loss = 2.2810, ivc_loss = 0.0309, neg_loss_1 = 0.0015, neg_loss_2 = 0.0033, ref_loss = 0.0145, div_loss = 0.0023, 0.386 seconds/batch
2026-01-04 16:42:47,325 - Epoch 22, Batch 300, lr = 0.00009, final_loss = 2.1432, nll_loss = 2.0264, ref_nll_loss = 2.2601, ivc_loss = 0.0359, neg_loss_1 = 0.0029, neg_loss_2 = 0.0043, ref_loss = 0.0171, div_loss = 0.0023, 0.386 seconds/batch
2026-01-04 16:42:59,490 - Epoch 22, Batch 332, lr = 0.00009, final_loss = 2.1821, nll_loss = 2.0594, ref_nll_loss = 2.3048, ivc_loss = 0.0353, neg_loss_1 = 0.0034, neg_loss_2 = 0.0044, ref_loss = 0.0163, div_loss = 0.0022, 0.386 seconds/batch
2026-01-04 16:42:59,538 - save model to checkpoints/charades/base/model-22.pt, num_updates 7304.
2026-01-04 16:43:26,950 - | R@1,mIoU 0.4238 | R@1,IoU@0.1 0.7426 | R@1,IoU@0.3 0.6507 | R@1,IoU@0.5 0.4744 | R@1,IoU@0.7 0.2229 | R@1,IoU@0.9 0.0326 | R@5,mIoU 0.6699 | R@5,IoU@0.1 0.9845 | R@5,IoU@0.3 0.9598 | R@5,IoU@0.5 0.8312 | R@5,IoU@0.7 0.5155 | R@5,IoU@0.9 0.0811 |
2026-01-04 16:43:26,951 - ============================================================
2026-01-04 16:43:26,951 - Start Epoch 23
2026-01-04 16:43:44,582 - Epoch 23, Batch 50, lr = 0.00009, final_loss = 2.1605, nll_loss = 2.0442, ref_nll_loss = 2.2768, ivc_loss = 0.0345, neg_loss_1 = 0.0023, neg_loss_2 = 0.0043, ref_loss = 0.0169, div_loss = 0.0022, 0.353 seconds/batch
2026-01-04 16:43:57,485 - Epoch 23, Batch 100, lr = 0.00009, final_loss = 2.1048, nll_loss = 1.9889, ref_nll_loss = 2.2207, ivc_loss = 0.0355, neg_loss_1 = 0.0028, neg_loss_2 = 0.0038, ref_loss = 0.0170, div_loss = 0.0024, 0.305 seconds/batch
2026-01-04 16:44:10,400 - Epoch 23, Batch 150, lr = 0.00009, final_loss = 2.1472, nll_loss = 2.0276, ref_nll_loss = 2.2667, ivc_loss = 0.0329, neg_loss_1 = 0.0023, neg_loss_2 = 0.0045, ref_loss = 0.0148, div_loss = 0.0023, 0.290 seconds/batch
2026-01-04 16:44:23,305 - Epoch 23, Batch 200, lr = 0.00009, final_loss = 2.1518, nll_loss = 2.0380, ref_nll_loss = 2.2656, ivc_loss = 0.0349, neg_loss_1 = 0.0019, neg_loss_2 = 0.0044, ref_loss = 0.0174, div_loss = 0.0022, 0.282 seconds/batch
2026-01-04 16:44:36,152 - Epoch 23, Batch 250, lr = 0.00009, final_loss = 2.1444, nll_loss = 2.0267, ref_nll_loss = 2.2621, ivc_loss = 0.0359, neg_loss_1 = 0.0027, neg_loss_2 = 0.0048, ref_loss = 0.0171, div_loss = 0.0022, 0.277 seconds/batch
2026-01-04 16:44:49,067 - Epoch 23, Batch 300, lr = 0.00009, final_loss = 2.1473, nll_loss = 2.0316, ref_nll_loss = 2.2631, ivc_loss = 0.0344, neg_loss_1 = 0.0019, neg_loss_2 = 0.0045, ref_loss = 0.0166, div_loss = 0.0023, 0.274 seconds/batch
2026-01-04 16:44:57,271 - Epoch 23, Batch 332, lr = 0.00009, final_loss = 2.1663, nll_loss = 2.0420, ref_nll_loss = 2.2907, ivc_loss = 0.0324, neg_loss_1 = 0.0021, neg_loss_2 = 0.0037, ref_loss = 0.0149, div_loss = 0.0023, 0.272 seconds/batch
2026-01-04 16:44:57,323 - save model to checkpoints/charades/base/model-23.pt, num_updates 7636.
2026-01-04 16:45:22,058 - | R@1,mIoU 0.4308 | R@1,IoU@0.1 0.7590 | R@1,IoU@0.3 0.6628 | R@1,IoU@0.5 0.4791 | R@1,IoU@0.7 0.2194 | R@1,IoU@0.9 0.0339 | R@5,mIoU 0.6776 | R@5,IoU@0.1 0.9905 | R@5,IoU@0.3 0.9721 | R@5,IoU@0.5 0.8366 | R@5,IoU@0.7 0.5168 | R@5,IoU@0.9 0.0861 |
2026-01-04 16:45:22,059 - ============================================================
2026-01-04 16:45:22,059 - Start Epoch 24
2026-01-04 16:45:35,166 - Epoch 24, Batch 50, lr = 0.00009, final_loss = 2.1296, nll_loss = 2.0103, ref_nll_loss = 2.2488, ivc_loss = 0.0336, neg_loss_1 = 0.0019, neg_loss_2 = 0.0051, ref_loss = 0.0151, div_loss = 0.0023, 0.262 seconds/batch
2026-01-04 16:45:48,121 - Epoch 24, Batch 100, lr = 0.00009, final_loss = 2.1053, nll_loss = 1.9913, ref_nll_loss = 2.2193, ivc_loss = 0.0327, neg_loss_1 = 0.0024, neg_loss_2 = 0.0035, ref_loss = 0.0162, div_loss = 0.0021, 0.261 seconds/batch
2026-01-04 16:46:04,179 - Epoch 24, Batch 150, lr = 0.00009, final_loss = 2.1122, nll_loss = 1.9970, ref_nll_loss = 2.2274, ivc_loss = 0.0348, neg_loss_1 = 0.0026, neg_loss_2 = 0.0045, ref_loss = 0.0168, div_loss = 0.0022, 0.281 seconds/batch
2026-01-04 16:46:23,386 - Epoch 24, Batch 200, lr = 0.00009, final_loss = 2.1302, nll_loss = 2.0153, ref_nll_loss = 2.2451, ivc_loss = 0.0348, neg_loss_1 = 0.0027, neg_loss_2 = 0.0041, ref_loss = 0.0170, div_loss = 0.0022, 0.307 seconds/batch
2026-01-04 16:46:42,590 - Epoch 24, Batch 250, lr = 0.00009, final_loss = 2.1192, nll_loss = 2.0043, ref_nll_loss = 2.2341, ivc_loss = 0.0336, neg_loss_1 = 0.0020, neg_loss_2 = 0.0035, ref_loss = 0.0170, div_loss = 0.0022, 0.322 seconds/batch
2026-01-04 16:47:01,883 - Epoch 24, Batch 300, lr = 0.00009, final_loss = 2.1431, nll_loss = 2.0296, ref_nll_loss = 2.2565, ivc_loss = 0.0374, neg_loss_1 = 0.0025, neg_loss_2 = 0.0034, ref_loss = 0.0199, div_loss = 0.0023, 0.333 seconds/batch
2026-01-04 16:47:14,092 - Epoch 24, Batch 332, lr = 0.00009, final_loss = 2.1663, nll_loss = 2.0487, ref_nll_loss = 2.2839, ivc_loss = 0.0371, neg_loss_1 = 0.0023, neg_loss_2 = 0.0044, ref_loss = 0.0189, div_loss = 0.0023, 0.337 seconds/batch
2026-01-04 16:47:14,139 - save model to checkpoints/charades/base/model-24.pt, num_updates 7968.
2026-01-04 16:47:41,531 - | R@1,mIoU 0.4357 | R@1,IoU@0.1 0.7584 | R@1,IoU@0.3 0.6662 | R@1,IoU@0.5 0.4896 | R@1,IoU@0.7 0.2286 | R@1,IoU@0.9 0.0364 | R@5,mIoU 0.6760 | R@5,IoU@0.1 0.9883 | R@5,IoU@0.3 0.9687 | R@5,IoU@0.5 0.8395 | R@5,IoU@0.7 0.5228 | R@5,IoU@0.9 0.0820 |
2026-01-04 16:47:41,533 - ============================================================
2026-01-04 16:47:41,533 - Start Epoch 25
2026-01-04 16:48:01,079 - Epoch 25, Batch 50, lr = 0.00009, final_loss = 2.1031, nll_loss = 1.9818, ref_nll_loss = 2.2244, ivc_loss = 0.0324, neg_loss_1 = 0.0023, neg_loss_2 = 0.0040, ref_loss = 0.0150, div_loss = 0.0022, 0.391 seconds/batch
2026-01-04 16:48:20,384 - Epoch 25, Batch 100, lr = 0.00009, final_loss = 2.1178, nll_loss = 2.0011, ref_nll_loss = 2.2346, ivc_loss = 0.0331, neg_loss_1 = 0.0016, neg_loss_2 = 0.0026, ref_loss = 0.0169, div_loss = 0.0024, 0.389 seconds/batch
2026-01-04 16:48:39,665 - Epoch 25, Batch 150, lr = 0.00009, final_loss = 2.1087, nll_loss = 1.9905, ref_nll_loss = 2.2270, ivc_loss = 0.0336, neg_loss_1 = 0.0021, neg_loss_2 = 0.0043, ref_loss = 0.0159, div_loss = 0.0022, 0.388 seconds/batch
2026-01-04 16:48:58,738 - Epoch 25, Batch 200, lr = 0.00009, final_loss = 2.1140, nll_loss = 1.9962, ref_nll_loss = 2.2318, ivc_loss = 0.0328, neg_loss_1 = 0.0027, neg_loss_2 = 0.0036, ref_loss = 0.0158, div_loss = 0.0021, 0.386 seconds/batch
2026-01-04 16:49:17,978 - Epoch 25, Batch 250, lr = 0.00009, final_loss = 2.1183, nll_loss = 2.0023, ref_nll_loss = 2.2344, ivc_loss = 0.0348, neg_loss_1 = 0.0024, neg_loss_2 = 0.0036, ref_loss = 0.0177, div_loss = 0.0022, 0.386 seconds/batch
2026-01-04 16:49:37,249 - Epoch 25, Batch 300, lr = 0.00009, final_loss = 2.1272, nll_loss = 2.0076, ref_nll_loss = 2.2468, ivc_loss = 0.0338, neg_loss_1 = 0.0016, neg_loss_2 = 0.0040, ref_loss = 0.0170, div_loss = 0.0022, 0.386 seconds/batch
2026-01-04 16:49:49,397 - Epoch 25, Batch 332, lr = 0.00009, final_loss = 2.1086, nll_loss = 1.9901, ref_nll_loss = 2.2272, ivc_loss = 0.0338, neg_loss_1 = 0.0014, neg_loss_2 = 0.0045, ref_loss = 0.0166, div_loss = 0.0023, 0.385 seconds/batch
2026-01-04 16:49:49,445 - save model to checkpoints/charades/base/model-25.pt, num_updates 8300.
2026-01-04 16:50:16,816 - | R@1,mIoU 0.4258 | R@1,IoU@0.1 0.7476 | R@1,IoU@0.3 0.6514 | R@1,IoU@0.5 0.4801 | R@1,IoU@0.7 0.2188 | R@1,IoU@0.9 0.0332 | R@5,mIoU 0.6728 | R@5,IoU@0.1 0.9896 | R@5,IoU@0.3 0.9645 | R@5,IoU@0.5 0.8353 | R@5,IoU@0.7 0.5130 | R@5,IoU@0.9 0.0788 |
2026-01-04 16:50:16,817 - ============================================================
2026-01-04 16:50:16,817 - Start Epoch 26
2026-01-04 16:50:36,341 - Epoch 26, Batch 50, lr = 0.00009, final_loss = 2.0807, nll_loss = 1.9645, ref_nll_loss = 2.1969, ivc_loss = 0.0323, neg_loss_1 = 0.0009, neg_loss_2 = 0.0036, ref_loss = 0.0166, div_loss = 0.0022, 0.390 seconds/batch
2026-01-04 16:50:55,580 - Epoch 26, Batch 100, lr = 0.00009, final_loss = 2.0891, nll_loss = 1.9679, ref_nll_loss = 2.2104, ivc_loss = 0.0322, neg_loss_1 = 0.0018, neg_loss_2 = 0.0035, ref_loss = 0.0158, div_loss = 0.0022, 0.388 seconds/batch
2026-01-04 16:51:14,847 - Epoch 26, Batch 150, lr = 0.00009, final_loss = 2.0822, nll_loss = 1.9639, ref_nll_loss = 2.2006, ivc_loss = 0.0341, neg_loss_1 = 0.0021, neg_loss_2 = 0.0037, ref_loss = 0.0170, div_loss = 0.0022, 0.387 seconds/batch
2026-01-04 16:51:34,070 - Epoch 26, Batch 200, lr = 0.00009, final_loss = 2.1059, nll_loss = 1.9884, ref_nll_loss = 2.2234, ivc_loss = 0.0341, neg_loss_1 = 0.0024, neg_loss_2 = 0.0039, ref_loss = 0.0169, div_loss = 0.0022, 0.386 seconds/batch
2026-01-04 16:51:53,306 - Epoch 26, Batch 250, lr = 0.00009, final_loss = 2.1092, nll_loss = 1.9911, ref_nll_loss = 2.2274, ivc_loss = 0.0333, neg_loss_1 = 0.0021, neg_loss_2 = 0.0031, ref_loss = 0.0172, div_loss = 0.0022, 0.386 seconds/batch
2026-01-04 16:52:12,585 - Epoch 26, Batch 300, lr = 0.00009, final_loss = 2.0879, nll_loss = 1.9700, ref_nll_loss = 2.2059, ivc_loss = 0.0312, neg_loss_1 = 0.0013, neg_loss_2 = 0.0031, ref_loss = 0.0158, div_loss = 0.0022, 0.386 seconds/batch
2026-01-04 16:52:24,846 - Epoch 26, Batch 332, lr = 0.00009, final_loss = 2.1114, nll_loss = 1.9901, ref_nll_loss = 2.2326, ivc_loss = 0.0326, neg_loss_1 = 0.0022, neg_loss_2 = 0.0031, ref_loss = 0.0159, div_loss = 0.0023, 0.386 seconds/batch
2026-01-04 16:52:24,901 - save model to checkpoints/charades/base/model-26.pt, num_updates 8632.
2026-01-04 16:52:52,357 - | R@1,mIoU 0.4207 | R@1,IoU@0.1 0.7432 | R@1,IoU@0.3 0.6447 | R@1,IoU@0.5 0.4645 | R@1,IoU@0.7 0.2185 | R@1,IoU@0.9 0.0339 | R@5,mIoU 0.6671 | R@5,IoU@0.1 0.9854 | R@5,IoU@0.3 0.9554 | R@5,IoU@0.5 0.8284 | R@5,IoU@0.7 0.5051 | R@5,IoU@0.9 0.0817 |
2026-01-04 16:52:52,358 - ============================================================
2026-01-04 16:52:52,358 - Start Epoch 27
2026-01-04 16:53:05,455 - Epoch 27, Batch 50, lr = 0.00009, final_loss = 2.0715, nll_loss = 1.9520, ref_nll_loss = 2.1911, ivc_loss = 0.0305, neg_loss_1 = 0.0013, neg_loss_2 = 0.0041, ref_loss = 0.0140, div_loss = 0.0022, 0.262 seconds/batch
2026-01-04 16:53:18,320 - Epoch 27, Batch 100, lr = 0.00009, final_loss = 2.0863, nll_loss = 1.9681, ref_nll_loss = 2.2045, ivc_loss = 0.0325, neg_loss_1 = 0.0015, neg_loss_2 = 0.0036, ref_loss = 0.0166, div_loss = 0.0021, 0.260 seconds/batch
2026-01-04 16:53:31,169 - Epoch 27, Batch 150, lr = 0.00009, final_loss = 2.0846, nll_loss = 1.9688, ref_nll_loss = 2.2004, ivc_loss = 0.0339, neg_loss_1 = 0.0021, neg_loss_2 = 0.0033, ref_loss = 0.0176, div_loss = 0.0022, 0.259 seconds/batch
2026-01-04 16:53:44,009 - Epoch 27, Batch 200, lr = 0.00009, final_loss = 2.0879, nll_loss = 1.9667, ref_nll_loss = 2.2092, ivc_loss = 0.0350, neg_loss_1 = 0.0014, neg_loss_2 = 0.0043, ref_loss = 0.0181, div_loss = 0.0022, 0.258 seconds/batch
2026-01-04 16:53:56,853 - Epoch 27, Batch 250, lr = 0.00008, final_loss = 2.0756, nll_loss = 1.9587, ref_nll_loss = 2.1925, ivc_loss = 0.0344, neg_loss_1 = 0.0015, neg_loss_2 = 0.0039, ref_loss = 0.0180, div_loss = 0.0022, 0.258 seconds/batch
2026-01-04 16:54:09,754 - Epoch 27, Batch 300, lr = 0.00008, final_loss = 2.0928, nll_loss = 1.9729, ref_nll_loss = 2.2126, ivc_loss = 0.0335, neg_loss_1 = 0.0022, neg_loss_2 = 0.0034, ref_loss = 0.0168, div_loss = 0.0022, 0.258 seconds/batch
2026-01-04 16:54:17,937 - Epoch 27, Batch 332, lr = 0.00008, final_loss = 2.0961, nll_loss = 1.9766, ref_nll_loss = 2.2156, ivc_loss = 0.0347, neg_loss_1 = 0.0023, neg_loss_2 = 0.0039, ref_loss = 0.0171, div_loss = 0.0023, 0.258 seconds/batch
2026-01-04 16:54:17,987 - save model to checkpoints/charades/base/model-27.pt, num_updates 8964.
2026-01-04 16:54:42,882 - | R@1,mIoU 0.4288 | R@1,IoU@0.1 0.7486 | R@1,IoU@0.3 0.6612 | R@1,IoU@0.5 0.4839 | R@1,IoU@0.7 0.2204 | R@1,IoU@0.9 0.0310 | R@5,mIoU 0.6710 | R@5,IoU@0.1 0.9877 | R@5,IoU@0.3 0.9642 | R@5,IoU@0.5 0.8347 | R@5,IoU@0.7 0.5085 | R@5,IoU@0.9 0.0833 |
2026-01-04 16:54:42,883 - ============================================================
2026-01-04 16:54:42,883 - Start Epoch 28
2026-01-04 16:54:55,982 - Epoch 28, Batch 50, lr = 0.00008, final_loss = 2.0591, nll_loss = 1.9425, ref_nll_loss = 2.1757, ivc_loss = 0.0321, neg_loss_1 = 0.0016, neg_loss_2 = 0.0031, ref_loss = 0.0162, div_loss = 0.0023, 0.262 seconds/batch
2026-01-04 16:55:10,192 - Epoch 28, Batch 100, lr = 0.00008, final_loss = 2.0539, nll_loss = 1.9380, ref_nll_loss = 2.1698, ivc_loss = 0.0337, neg_loss_1 = 0.0021, neg_loss_2 = 0.0039, ref_loss = 0.0170, div_loss = 0.0021, 0.273 seconds/batch
2026-01-04 16:55:29,429 - Epoch 28, Batch 150, lr = 0.00008, final_loss = 2.0633, nll_loss = 1.9446, ref_nll_loss = 2.1820, ivc_loss = 0.0335, neg_loss_1 = 0.0015, neg_loss_2 = 0.0036, ref_loss = 0.0175, div_loss = 0.0022, 0.310 seconds/batch
2026-01-04 16:55:48,674 - Epoch 28, Batch 200, lr = 0.00008, final_loss = 2.0635, nll_loss = 1.9439, ref_nll_loss = 2.1830, ivc_loss = 0.0345, neg_loss_1 = 0.0024, neg_loss_2 = 0.0038, ref_loss = 0.0167, div_loss = 0.0023, 0.329 seconds/batch
2026-01-04 16:56:07,949 - Epoch 28, Batch 250, lr = 0.00008, final_loss = 2.0874, nll_loss = 1.9710, ref_nll_loss = 2.2037, ivc_loss = 0.0335, neg_loss_1 = 0.0017, neg_loss_2 = 0.0034, ref_loss = 0.0173, div_loss = 0.0022, 0.340 seconds/batch
2026-01-04 16:56:27,238 - Epoch 28, Batch 300, lr = 0.00008, final_loss = 2.0710, nll_loss = 1.9462, ref_nll_loss = 2.1959, ivc_loss = 0.0338, neg_loss_1 = 0.0030, neg_loss_2 = 0.0029, ref_loss = 0.0170, div_loss = 0.0022, 0.348 seconds/batch
2026-01-04 16:56:39,467 - Epoch 28, Batch 332, lr = 0.00008, final_loss = 2.0931, nll_loss = 1.9726, ref_nll_loss = 2.2136, ivc_loss = 0.0363, neg_loss_1 = 0.0029, neg_loss_2 = 0.0041, ref_loss = 0.0177, div_loss = 0.0023, 0.351 seconds/batch
2026-01-04 16:56:39,517 - save model to checkpoints/charades/base/model-28.pt, num_updates 9296.
2026-01-04 16:57:07,135 - | R@1,mIoU 0.4276 | R@1,IoU@0.1 0.7517 | R@1,IoU@0.3 0.6567 | R@1,IoU@0.5 0.4763 | R@1,IoU@0.7 0.2213 | R@1,IoU@0.9 0.0310 | R@5,mIoU 0.6750 | R@5,IoU@0.1 0.9867 | R@5,IoU@0.3 0.9633 | R@5,IoU@0.5 0.8388 | R@5,IoU@0.7 0.5158 | R@5,IoU@0.9 0.0817 |
2026-01-04 16:57:07,136 - ============================================================
2026-01-04 16:57:07,136 - Start Epoch 29
2026-01-04 16:57:26,726 - Epoch 29, Batch 50, lr = 0.00008, final_loss = 2.0526, nll_loss = 1.9333, ref_nll_loss = 2.1719, ivc_loss = 0.0317, neg_loss_1 = 0.0019, neg_loss_2 = 0.0036, ref_loss = 0.0154, div_loss = 0.0022, 0.392 seconds/batch
2026-01-04 16:57:46,071 - Epoch 29, Batch 100, lr = 0.00008, final_loss = 2.0480, nll_loss = 1.9302, ref_nll_loss = 2.1658, ivc_loss = 0.0351, neg_loss_1 = 0.0020, neg_loss_2 = 0.0041, ref_loss = 0.0177, div_loss = 0.0023, 0.389 seconds/batch
2026-01-04 16:58:05,346 - Epoch 29, Batch 150, lr = 0.00008, final_loss = 2.0450, nll_loss = 1.9287, ref_nll_loss = 2.1614, ivc_loss = 0.0347, neg_loss_1 = 0.0025, neg_loss_2 = 0.0034, ref_loss = 0.0176, div_loss = 0.0022, 0.388 seconds/batch
2026-01-04 16:58:24,595 - Epoch 29, Batch 200, lr = 0.00008, final_loss = 2.0595, nll_loss = 1.9371, ref_nll_loss = 2.1819, ivc_loss = 0.0343, neg_loss_1 = 0.0020, neg_loss_2 = 0.0039, ref_loss = 0.0177, div_loss = 0.0021, 0.387 seconds/batch
2026-01-04 16:58:43,800 - Epoch 29, Batch 250, lr = 0.00008, final_loss = 2.0791, nll_loss = 1.9570, ref_nll_loss = 2.2011, ivc_loss = 0.0339, neg_loss_1 = 0.0025, neg_loss_2 = 0.0038, ref_loss = 0.0160, div_loss = 0.0023, 0.387 seconds/batch
2026-01-04 16:59:02,993 - Epoch 29, Batch 300, lr = 0.00008, final_loss = 2.0707, nll_loss = 1.9487, ref_nll_loss = 2.1928, ivc_loss = 0.0343, neg_loss_1 = 0.0017, neg_loss_2 = 0.0035, ref_loss = 0.0180, div_loss = 0.0022, 0.386 seconds/batch
2026-01-04 16:59:15,137 - Epoch 29, Batch 332, lr = 0.00008, final_loss = 2.0675, nll_loss = 1.9432, ref_nll_loss = 2.1917, ivc_loss = 0.0311, neg_loss_1 = 0.0024, neg_loss_2 = 0.0018, ref_loss = 0.0161, div_loss = 0.0022, 0.386 seconds/batch
2026-01-04 16:59:15,185 - save model to checkpoints/charades/base/model-29.pt, num_updates 9628.
2026-01-04 16:59:42,600 - | R@1,mIoU 0.4237 | R@1,IoU@0.1 0.7448 | R@1,IoU@0.3 0.6555 | R@1,IoU@0.5 0.4769 | R@1,IoU@0.7 0.2106 | R@1,IoU@0.9 0.0336 | R@5,mIoU 0.6748 | R@5,IoU@0.1 0.9899 | R@5,IoU@0.3 0.9642 | R@5,IoU@0.5 0.8369 | R@5,IoU@0.7 0.5117 | R@5,IoU@0.9 0.0852 |
2026-01-04 16:59:42,601 - ============================================================
2026-01-04 16:59:42,601 - Start Epoch 30
2026-01-04 17:00:02,119 - Epoch 30, Batch 50, lr = 0.00008, final_loss = 2.0291, nll_loss = 1.9076, ref_nll_loss = 2.1506, ivc_loss = 0.0313, neg_loss_1 = 0.0022, neg_loss_2 = 0.0036, ref_loss = 0.0144, div_loss = 0.0022, 0.390 seconds/batch
2026-01-04 17:00:21,407 - Epoch 30, Batch 100, lr = 0.00008, final_loss = 2.0269, nll_loss = 1.9058, ref_nll_loss = 2.1480, ivc_loss = 0.0326, neg_loss_1 = 0.0017, neg_loss_2 = 0.0035, ref_loss = 0.0163, div_loss = 0.0022, 0.388 seconds/batch
2026-01-04 17:00:40,655 - Epoch 30, Batch 150, lr = 0.00008, final_loss = 2.0575, nll_loss = 1.9361, ref_nll_loss = 2.1789, ivc_loss = 0.0330, neg_loss_1 = 0.0018, neg_loss_2 = 0.0034, ref_loss = 0.0167, div_loss = 0.0022, 0.387 seconds/batch
2026-01-04 17:00:59,924 - Epoch 30, Batch 200, lr = 0.00008, final_loss = 2.0280, nll_loss = 1.9068, ref_nll_loss = 2.1491, ivc_loss = 0.0334, neg_loss_1 = 0.0011, neg_loss_2 = 0.0051, ref_loss = 0.0166, div_loss = 0.0021, 0.387 seconds/batch
2026-01-04 17:01:19,137 - Epoch 30, Batch 250, lr = 0.00008, final_loss = 2.0571, nll_loss = 1.9356, ref_nll_loss = 2.1786, ivc_loss = 0.0325, neg_loss_1 = 0.0020, neg_loss_2 = 0.0031, ref_loss = 0.0163, div_loss = 0.0022, 0.386 seconds/batch
2026-01-04 17:01:38,409 - Epoch 30, Batch 300, lr = 0.00008, final_loss = 2.0582, nll_loss = 1.9318, ref_nll_loss = 2.1846, ivc_loss = 0.0309, neg_loss_1 = 0.0020, neg_loss_2 = 0.0037, ref_loss = 0.0142, div_loss = 0.0022, 0.386 seconds/batch
2026-01-04 17:01:50,626 - Epoch 30, Batch 332, lr = 0.00008, final_loss = 2.0457, nll_loss = 1.9279, ref_nll_loss = 2.1635, ivc_loss = 0.0392, neg_loss_1 = 0.0022, neg_loss_2 = 0.0041, ref_loss = 0.0216, div_loss = 0.0023, 0.386 seconds/batch
2026-01-04 17:01:50,681 - save model to checkpoints/charades/base/model-30.pt, num_updates 9960.
2026-01-04 17:02:16,874 - | R@1,mIoU 0.4279 | R@1,IoU@0.1 0.7533 | R@1,IoU@0.3 0.6593 | R@1,IoU@0.5 0.4778 | R@1,IoU@0.7 0.2188 | R@1,IoU@0.9 0.0342 | R@5,mIoU 0.6743 | R@5,IoU@0.1 0.9921 | R@5,IoU@0.3 0.9639 | R@5,IoU@0.5 0.8401 | R@5,IoU@0.7 0.5104 | R@5,IoU@0.9 0.0871 |
2026-01-04 17:02:16,875 - ============================================================
2026-01-04 17:02:16,875 - Best results:
2026-01-04 17:02:16,876 - | R@1,mIoU 0.4361 | R@1,IoU@0.1 0.7578 | R@1,IoU@0.3 0.6659 | R@1,IoU@0.5 0.4886 | R@1,IoU@0.7 0.2365 | R@1,IoU@0.9 0.0367 | R@5,mIoU 0.6745 | R@5,IoU@0.1 0.9873 | R@5,IoU@0.3 0.9649 | R@5,IoU@0.5 0.8423 | R@5,IoU@0.7 0.5152 | R@5,IoU@0.9 0.0788 |
